#2026 08 16 17:45:52.250#Z#DEBUG#2fac7300-999a-11f1-891d-eeee0a87b8c8.incident-management-srv#flowable-async-job-executor-thread-20614#
[PollStageAppStatusExecution] ad51bc3f-a511-452b-a243-a2bc40511ef0 [2026-08-16T17:45:02.844675] Updated app with guid ad51bc3f-a511-452b-a243-a2bc40511ef0 ({"lifecycle"=>{"data"=>{"buildpacks"=>["nodejs_buildpack"]}, "type"=>"buildpack"}}) (STDOUT, API)#
#2026 08 16 17:45:52.250#Z#DEBUG#2fac7300-999a-11f1-891d-eeee0a87b8c8.incident-management-srv#flowable-async-job-executor-thread-20614#
[PollStageAppStatusExecution] ad51bc3f-a511-452b-a243-a2bc40511ef0 [2026-08-16T17:45:02.937849] Updating process: "web" (STDOUT, API)#
#2026 08 16 17:45:52.250#Z#DEBUG#2fac7300-999a-11f1-891d-eeee0a87b8c8.incident-management-srv#flowable-async-job-executor-thread-20614#
[PollStageAppStatusExecution] ad51bc3f-a511-452b-a243-a2bc40511ef0 [2026-08-16T17:45:32.438069] Uploading app package for app with guid ad51bc3f-a511-452b-a243-a2bc40511ef0 (STDOUT, API)#
#2026 08 16 17:45:52.250#Z#DEBUG#2fac7300-999a-11f1-891d-eeee0a87b8c8.incident-management-srv#flowable-async-job-executor-thread-20614#
[PollStageAppStatusExecution] ad51bc3f-a511-452b-a243-a2bc40511ef0 [2026-08-16T17:45:32.636665] Updated app with guid ad51bc3f-a511-452b-a243-a2bc40511ef0 ({"environment_variables"=>"[PRIVATE DATA HIDDEN]"}) (STDOUT, API)#
#2026 08 16 17:45:52.250#Z#DEBUG#2fac7300-999a-11f1-891d-eeee0a87b8c8.incident-management-srv#flowable-async-job-executor-thread-20614#
[PollStageAppStatusExecution] ad51bc3f-a511-452b-a243-a2bc40511ef0 [2026-08-16T17:45:42.475836] Creating build for app with guid ad51bc3f-a511-452b-a243-a2bc40511ef0 (STDOUT, API)#
#2026 08 16 17:45:52.250#Z#DEBUG#2fac7300-999a-11f1-891d-eeee0a87b8c8.incident-management-srv#flowable-async-job-executor-thread-20614#
[PollStageAppStatusExecution] ad51bc3f-a511-452b-a243-a2bc40511ef0 [2026-08-16T17:45:42.892640] Downloading nodejs_buildpack... (STDOUT, STG)#
#2026 08 16 17:45:52.250#Z#DEBUG#2fac7300-999a-11f1-891d-eeee0a87b8c8.incident-management-srv#flowable-async-job-executor-thread-20614#
[PollStageAppStatusExecution] ad51bc3f-a511-452b-a243-a2bc40511ef0 [2026-08-16T17:45:42.948482] Downloaded nodejs_buildpack (STDOUT, STG)#
#2026 08 16 17:45:52.250#Z#DEBUG#2fac7300-999a-11f1-891d-eeee0a87b8c8.incident-management-srv#flowable-async-job-executor-thread-20614#
[PollStageAppStatusExecution] ad51bc3f-a511-452b-a243-a2bc40511ef0 [2026-08-16T17:45:42.948593] Cell 77283d80-dfa7-40ba-ba4e-265aef112085 creating container for instance 8bc456a6-4f38-49d7-b847-93123c485d78 (STDOUT, STG)#
#2026 08 16 17:45:52.250#Z#DEBUG#2fac7300-999a-11f1-891d-eeee0a87b8c8.incident-management-srv#flowable-async-job-executor-thread-20614#
[PollStageAppStatusExecution] ad51bc3f-a511-452b-a243-a2bc40511ef0 [2026-08-16T17:45:43.801648] Security group rules were updated (STDOUT, STG)#
#2026 08 16 17:45:52.250#Z#DEBUG#2fac7300-999a-11f1-891d-eeee0a87b8c8.incident-management-srv#flowable-async-job-executor-thread-20614#
[PollStageAppStatusExecution] ad51bc3f-a511-452b-a243-a2bc40511ef0 [2026-08-16T17:45:43.954339] Cell 77283d80-dfa7-40ba-ba4e-265aef112085 successfully created container for instance 8bc456a6-4f38-49d7-b847-93123c485d78 (STDOUT, STG)#
#2026 08 16 17:45:52.250#Z#DEBUG#2fac7300-999a-11f1-891d-eeee0a87b8c8.incident-management-srv#flowable-async-job-executor-thread-20614#
[PollStageAppStatusExecution] ad51bc3f-a511-452b-a243-a2bc40511ef0 [2026-08-16T17:45:44.697614] Downloading app package... (STDOUT, STG)#
#2026 08 16 17:45:52.250#Z#DEBUG#2fac7300-999a-11f1-891d-eeee0a87b8c8.incident-management-srv#flowable-async-job-executor-thread-20614#
[PollStageAppStatusExecution] ad51bc3f-a511-452b-a243-a2bc40511ef0 [2026-08-16T17:45:44.697638] Downloading build artifacts cache... (STDOUT, STG)#
#2026 08 16 17:45:52.250#Z#DEBUG#2fac7300-999a-11f1-891d-eeee0a87b8c8.incident-management-srv#flowable-async-job-executor-thread-20614#
[PollStageAppStatusExecution] ad51bc3f-a511-452b-a243-a2bc40511ef0 [2026-08-16T17:45:44.790017] Downloaded build artifacts cache (223B) (STDOUT, STG)#
#2026 08 16 17:45:52.250#Z#DEBUG#2fac7300-999a-11f1-891d-eeee0a87b8c8.incident-management-srv#flowable-async-job-executor-thread-20614#
[PollStageAppStatusExecution] ad51bc3f-a511-452b-a243-a2bc40511ef0 [2026-08-16T17:45:45.243930] Downloaded app package (3.6M) (STDOUT, STG)#
#2026 08 16 17:45:52.250#Z#DEBUG#2fac7300-999a-11f1-891d-eeee0a87b8c8.incident-management-srv#flowable-async-job-executor-thread-20614#
[PollStageAppStatusExecution] ad51bc3f-a511-452b-a243-a2bc40511ef0 [2026-08-16T17:45:45.369315] -----> Nodejs Buildpack version 1.9.2 (STDOUT, STG)#
#2026 08 16 17:45:52.250#Z#DEBUG#2fac7300-999a-11f1-891d-eeee0a87b8c8.incident-management-srv#flowable-async-job-executor-thread-20614#
[PollStageAppStatusExecution] ad51bc3f-a511-452b-a243-a2bc40511ef0 [2026-08-16T17:45:45.732797] -----> Bootstrapping python (STDOUT, STG)#
#2026 08 16 17:45:52.250#Z#DEBUG#2fac7300-999a-11f1-891d-eeee0a87b8c8.incident-management-srv#flowable-async-job-executor-thread-20614#
[PollStageAppStatusExecution] ad51bc3f-a511-452b-a243-a2bc40511ef0 [2026-08-16T17:45:45.732833] -----> Installing python 3.13.13 (STDOUT, STG)#
#2026 08 16 17:45:52.250#Z#DEBUG#2fac7300-999a-11f1-891d-eeee0a87b8c8.incident-management-srv#flowable-async-job-executor-thread-20614#
[PollStageAppStatusExecution] ad51bc3f-a511-452b-a243-a2bc40511ef0 [2026-08-16T17:45:45.732938] Copy [/tmp/buildpacks/17bd89c67d092631/dependencies/268a5e3743d51a14b86ea9da64439307/python_3.13.13_linux_x64_cflinuxfs4_8311abbf.tgz] (STDOUT, STG)#
#2026 08 16 17:45:52.250#Z#DEBUG#2fac7300-999a-11f1-891d-eeee0a87b8c8.incident-management-srv#flowable-async-job-executor-thread-20614#
[PollStageAppStatusExecution] ad51bc3f-a511-452b-a243-a2bc40511ef0 [2026-08-16T17:45:50.180099] -----> Installing binaries (STDOUT, STG)#
#2026 08 16 17:45:52.250#Z#DEBUG#2fac7300-999a-11f1-891d-eeee0a87b8c8.incident-management-srv#flowable-async-job-executor-thread-20614#
[PollStageAppStatusExecution] ad51bc3f-a511-452b-a243-a2bc40511ef0 [2026-08-16T17:45:50.180241] engines.node (package.json): >=20 (STDOUT, STG)#
#2026 08 16 17:45:52.250#Z#DEBUG#2fac7300-999a-11f1-891d-eeee0a87b8c8.incident-management-srv#flowable-async-job-executor-thread-20614#
[PollStageAppStatusExecution] ad51bc3f-a511-452b-a243-a2bc40511ef0 [2026-08-16T17:45:50.180259] engines.npm (package.json): unspecified (use default) (STDOUT, STG)#
#2026 08 16 17:45:52.250#Z#DEBUG#2fac7300-999a-11f1-891d-eeee0a87b8c8.incident-management-srv#flowable-async-job-executor-thread-20614#
[PollStageAppStatusExecution] ad51bc3f-a511-452b-a243-a2bc40511ef0 [2026-08-16T17:45:50.180335] [31;1m**WARNING**[0m Dangerous semver range (>) in engines.node. See: http://docs.cloudfoundry.org/buildpacks/node/node-tips.html (STDOUT, STG)#
#2026 08 16 17:45:52.250#Z#DEBUG#2fac7300-999a-11f1-891d-eeee0a87b8c8.incident-management-srv#flowable-async-job-executor-thread-20614#
[PollStageAppStatusExecution] ad51bc3f-a511-452b-a243-a2bc40511ef0 [2026-08-16T17:45:50.180471] -----> Installing node 24.15.0 (STDOUT, STG)#
#2026 08 16 17:45:52.250#Z#DEBUG#2fac7300-999a-11f1-891d-eeee0a87b8c8.incident-management-srv#flowable-async-job-executor-thread-20614#
[PollStageAppStatusExecution] ad51bc3f-a511-452b-a243-a2bc40511ef0 [2026-08-16T17:45:50.180739] Copy [/tmp/buildpacks/17bd89c67d092631/dependencies/6441e97e6386f47ec4c16cfdf8db0a17/node_24.15.0_linux_x64_cflinuxfs4_1a62d98b.tgz] (STDOUT, STG)#
#2026 08 16 17:46:02.302#Z#DEBUG#2fac7300-999a-11f1-891d-eeee0a87b8c8.incident-management-srv#flowable-async-job-executor-thread-20621#
[PollStageAppStatusExecution] ad51bc3f-a511-452b-a243-a2bc40511ef0 [2026-08-16T17:45:52.775733] Using default npm version: 11.12.1 (STDOUT, STG)#
#2026 08 16 17:46:02.302#Z#DEBUG#2fac7300-999a-11f1-891d-eeee0a87b8c8.incident-management-srv#flowable-async-job-executor-thread-20621#
[PollStageAppStatusExecution] ad51bc3f-a511-452b-a243-a2bc40511ef0 [2026-08-16T17:45:52.775762] -----> Installing yarn 1.22.22 (STDOUT, STG)#
#2026 08 16 17:46:02.302#Z#DEBUG#2fac7300-999a-11f1-891d-eeee0a87b8c8.incident-management-srv#flowable-async-job-executor-thread-20621#
[PollStageAppStatusExecution] ad51bc3f-a511-452b-a243-a2bc40511ef0 [2026-08-16T17:45:52.775871] Copy [/tmp/buildpacks/17bd89c67d092631/dependencies/e4fe26756e9984a665478d350474fa2e/yarn_1.22.22_linux_noarch_any-stack_b6132b86.tgz] (STDOUT, STG)#
#2026 08 16 17:46:02.302#Z#DEBUG#2fac7300-999a-11f1-891d-eeee0a87b8c8.incident-management-srv#flowable-async-job-executor-thread-20621#
[PollStageAppStatusExecution] ad51bc3f-a511-452b-a243-a2bc40511ef0 [2026-08-16T17:45:53.164013] Installed yarn 1.22.22 (STDOUT, STG)#
#2026 08 16 17:46:02.302#Z#DEBUG#2fac7300-999a-11f1-891d-eeee0a87b8c8.incident-management-srv#flowable-async-job-executor-thread-20621#
[PollStageAppStatusExecution] ad51bc3f-a511-452b-a243-a2bc40511ef0 [2026-08-16T17:45:53.164042] -----> Creating runtime environment (STDOUT, STG)#
#2026 08 16 17:46:02.302#Z#DEBUG#2fac7300-999a-11f1-891d-eeee0a87b8c8.incident-management-srv#flowable-async-job-executor-thread-20621#
[PollStageAppStatusExecution] ad51bc3f-a511-452b-a243-a2bc40511ef0 [2026-08-16T17:45:53.165767] NODE_ENV=production (STDOUT, STG)#
#2026 08 16 17:46:02.302#Z#DEBUG#2fac7300-999a-11f1-891d-eeee0a87b8c8.incident-management-srv#flowable-async-job-executor-thread-20621#
[PollStageAppStatusExecution] ad51bc3f-a511-452b-a243-a2bc40511ef0 [2026-08-16T17:45:53.165789] NODE_HOME=/tmp/contents4155419339/deps/0/node (STDOUT, STG)#
#2026 08 16 17:46:02.302#Z#DEBUG#2fac7300-999a-11f1-891d-eeee0a87b8c8.incident-management-srv#flowable-async-job-executor-thread-20621#
[PollStageAppStatusExecution] ad51bc3f-a511-452b-a243-a2bc40511ef0 [2026-08-16T17:45:53.165792] NODE_MODULES_CACHE=true (STDOUT, STG)#
#2026 08 16 17:46:02.302#Z#DEBUG#2fac7300-999a-11f1-891d-eeee0a87b8c8.incident-management-srv#flowable-async-job-executor-thread-20621#
[PollStageAppStatusExecution] ad51bc3f-a511-452b-a243-a2bc40511ef0 [2026-08-16T17:45:53.165796] NODE_VERBOSE=false (STDOUT, STG)#
#2026 08 16 17:46:02.302#Z#DEBUG#2fac7300-999a-11f1-891d-eeee0a87b8c8.incident-management-srv#flowable-async-job-executor-thread-20621#
[PollStageAppStatusExecution] ad51bc3f-a511-452b-a243-a2bc40511ef0 [2026-08-16T17:45:53.165798] NPM_CONFIG_LOGLEVEL=error (STDOUT, STG)#
#2026 08 16 17:46:02.302#Z#DEBUG#2fac7300-999a-11f1-891d-eeee0a87b8c8.incident-management-srv#flowable-async-job-executor-thread-20621#
[PollStageAppStatusExecution] ad51bc3f-a511-452b-a243-a2bc40511ef0 [2026-08-16T17:45:53.165800] NPM_CONFIG_PRODUCTION=true (STDOUT, STG)#
#2026 08 16 17:46:02.302#Z#DEBUG#2fac7300-999a-11f1-891d-eeee0a87b8c8.incident-management-srv#flowable-async-job-executor-thread-20621#
[PollStageAppStatusExecution] ad51bc3f-a511-452b-a243-a2bc40511ef0 [2026-08-16T17:45:53.166094] -----> Building dependencies (STDOUT, STG)#
#2026 08 16 17:46:02.302#Z#DEBUG#2fac7300-999a-11f1-891d-eeee0a87b8c8.incident-management-srv#flowable-async-job-executor-thread-20621#
[PollStageAppStatusExecution] ad51bc3f-a511-452b-a243-a2bc40511ef0 [2026-08-16T17:45:53.166102] Prebuild detected (node_modules already exists) (STDOUT, STG)#
#2026 08 16 17:46:02.302#Z#DEBUG#2fac7300-999a-11f1-891d-eeee0a87b8c8.incident-management-srv#flowable-async-job-executor-thread-20621#
[PollStageAppStatusExecution] ad51bc3f-a511-452b-a243-a2bc40511ef0 [2026-08-16T17:45:53.166108] Rebuilding any native modules (STDOUT, STG)#
#2026 08 16 17:46:02.302#Z#DEBUG#2fac7300-999a-11f1-891d-eeee0a87b8c8.incident-management-srv#flowable-async-job-executor-thread-20621#
[PollStageAppStatusExecution] ad51bc3f-a511-452b-a243-a2bc40511ef0 [2026-08-16T17:45:53.867750] rebuilt dependencies successfully (STDOUT, STG)#
#2026 08 16 17:46:02.302#Z#DEBUG#2fac7300-999a-11f1-891d-eeee0a87b8c8.incident-management-srv#flowable-async-job-executor-thread-20621#
[PollStageAppStatusExecution] ad51bc3f-a511-452b-a243-a2bc40511ef0 [2026-08-16T17:45:53.869783] npm notice (STDOUT, STG)#
#2026 08 16 17:46:02.302#Z#DEBUG#2fac7300-999a-11f1-891d-eeee0a87b8c8.incident-management-srv#flowable-async-job-executor-thread-20621#
[PollStageAppStatusExecution] ad51bc3f-a511-452b-a243-a2bc40511ef0 [2026-08-16T17:45:53.869817] npm notice New major version of npm available! 11.12.1 -> 12.0.2 (STDOUT, STG)#
#2026 08 16 17:46:02.302#Z#DEBUG#2fac7300-999a-11f1-891d-eeee0a87b8c8.incident-management-srv#flowable-async-job-executor-thread-20621#
[PollStageAppStatusExecution] ad51bc3f-a511-452b-a243-a2bc40511ef0 [2026-08-16T17:45:53.869821] npm notice Changelog: https://github.com/npm/cli/releases/tag/v12.0.2 (STDOUT, STG)#
#2026 08 16 17:46:02.302#Z#DEBUG#2fac7300-999a-11f1-891d-eeee0a87b8c8.incident-management-srv#flowable-async-job-executor-thread-20621#
[PollStageAppStatusExecution] ad51bc3f-a511-452b-a243-a2bc40511ef0 [2026-08-16T17:45:53.869824] npm notice To update run: npm install -g npm@12.0.2 (STDOUT, STG)#
#2026 08 16 17:46:02.302#Z#DEBUG#2fac7300-999a-11f1-891d-eeee0a87b8c8.incident-management-srv#flowable-async-job-executor-thread-20621#
[PollStageAppStatusExecution] ad51bc3f-a511-452b-a243-a2bc40511ef0 [2026-08-16T17:45:53.869827] npm notice (STDOUT, STG)#
#2026 08 16 17:46:02.302#Z#DEBUG#2fac7300-999a-11f1-891d-eeee0a87b8c8.incident-management-srv#flowable-async-job-executor-thread-20621#
[PollStageAppStatusExecution] ad51bc3f-a511-452b-a243-a2bc40511ef0 [2026-08-16T17:45:53.934645] Installing any new modules (package.json + package-lock.json) (STDOUT, STG)#
#2026 08 16 17:46:02.302#Z#DEBUG#2fac7300-999a-11f1-891d-eeee0a87b8c8.incident-management-srv#flowable-async-job-executor-thread-20621#
[PollStageAppStatusExecution] ad51bc3f-a511-452b-a243-a2bc40511ef0 [2026-08-16T17:45:54.715238] up to date in 691ms (STDOUT, STG)#
#2026 08 16 17:46:02.302#Z#DEBUG#2fac7300-999a-11f1-891d-eeee0a87b8c8.incident-management-srv#flowable-async-job-executor-thread-20621#
[PollStageAppStatusExecution] ad51bc3f-a511-452b-a243-a2bc40511ef0 [2026-08-16T17:45:54.715493] 29 packages are looking for funding (STDOUT, STG)#
#2026 08 16 17:46:02.302#Z#DEBUG#2fac7300-999a-11f1-891d-eeee0a87b8c8.incident-management-srv#flowable-async-job-executor-thread-20621#
[PollStageAppStatusExecution] ad51bc3f-a511-452b-a243-a2bc40511ef0 [2026-08-16T17:45:54.715591] run `npm fund` for details (STDOUT, STG)#
#2026 08 16 17:46:02.303#Z#DEBUG#2fac7300-999a-11f1-891d-eeee0a87b8c8.incident-management-srv#flowable-async-job-executor-thread-20621#
[PollStageAppStatusExecution] ad51bc3f-a511-452b-a243-a2bc40511ef0 [2026-08-16T17:45:55.598584] Contrast Security no credentials found. Will not write environment files. (STDOUT, STG)#
#2026 08 16 17:46:12.436#Z#DEBUG#2fac7300-999a-11f1-891d-eeee0a87b8c8.incident-management-srv#flowable-async-job-executor-thread-20623#
[PollStageAppStatusExecution] ad51bc3f-a511-452b-a243-a2bc40511ef0 [2026-08-16T17:46:05.128093] Exit status 0 (STDOUT, STG)#
#2026 08 16 17:46:12.436#Z#DEBUG#2fac7300-999a-11f1-891d-eeee0a87b8c8.incident-management-srv#flowable-async-job-executor-thread-20623#
[PollStageAppStatusExecution] ad51bc3f-a511-452b-a243-a2bc40511ef0 [2026-08-16T17:46:05.128155] Uploading droplet, build artifacts cache... (STDOUT, STG)#
#2026 08 16 17:46:12.436#Z#DEBUG#2fac7300-999a-11f1-891d-eeee0a87b8c8.incident-management-srv#flowable-async-job-executor-thread-20623#
[PollStageAppStatusExecution] ad51bc3f-a511-452b-a243-a2bc40511ef0 [2026-08-16T17:46:05.128230] Uploading droplet... (STDOUT, STG)#
#2026 08 16 17:46:12.437#Z#DEBUG#2fac7300-999a-11f1-891d-eeee0a87b8c8.incident-management-srv#flowable-async-job-executor-thread-20623#
[PollStageAppStatusExecution] ad51bc3f-a511-452b-a243-a2bc40511ef0 [2026-08-16T17:46:05.128312] Uploading build artifacts cache... (STDOUT, STG)#
#2026 08 16 17:46:12.437#Z#DEBUG#2fac7300-999a-11f1-891d-eeee0a87b8c8.incident-management-srv#flowable-async-job-executor-thread-20623#
[PollStageAppStatusExecution] ad51bc3f-a511-452b-a243-a2bc40511ef0 [2026-08-16T17:46:05.154274] Uploaded build artifacts cache (223B) (STDOUT, STG)#
#2026 08 16 17:46:12.437#Z#DEBUG#2fac7300-999a-11f1-891d-eeee0a87b8c8.incident-management-srv#flowable-async-job-executor-thread-20623#
[PollStageAppStatusExecution] ad51bc3f-a511-452b-a243-a2bc40511ef0 [2026-08-16T17:46:05.887886] Creating droplet for app with guid ad51bc3f-a511-452b-a243-a2bc40511ef0 (STDOUT, API)#
#2026 08 16 17:46:12.437#Z#DEBUG#2fac7300-999a-11f1-891d-eeee0a87b8c8.incident-management-srv#flowable-async-job-executor-thread-20623#
[PollStageAppStatusExecution] ad51bc3f-a511-452b-a243-a2bc40511ef0 [2026-08-16T17:46:09.955235] Uploaded droplet (59.4M) (STDOUT, STG)#
#2026 08 16 17:46:12.437#Z#DEBUG#2fac7300-999a-11f1-891d-eeee0a87b8c8.incident-management-srv#flowable-async-job-executor-thread-20623#
[PollStageAppStatusExecution] ad51bc3f-a511-452b-a243-a2bc40511ef0 [2026-08-16T17:46:09.976547] Uploading complete (STDOUT, STG)#
#2026 08 16 17:46:12.437#Z#DEBUG#2fac7300-999a-11f1-891d-eeee0a87b8c8.incident-management-srv#flowable-async-job-executor-thread-20623#
[PollStageAppStatusExecution] ad51bc3f-a511-452b-a243-a2bc40511ef0 [2026-08-16T17:46:10.975986] Cell 77283d80-dfa7-40ba-ba4e-265aef112085 stopping instance 8bc456a6-4f38-49d7-b847-93123c485d78 (STDOUT, STG)#
#2026 08 16 17:46:12.437#Z#DEBUG#2fac7300-999a-11f1-891d-eeee0a87b8c8.incident-management-srv#flowable-async-job-executor-thread-20623#
[PollStageAppStatusExecution] ad51bc3f-a511-452b-a243-a2bc40511ef0 [2026-08-16T17:46:10.976043] Cell 77283d80-dfa7-40ba-ba4e-265aef112085 destroying container for instance 8bc456a6-4f38-49d7-b847-93123c485d78 (STDOUT, STG)#
#2026 08 16 17:46:12.437#Z#DEBUG#2fac7300-999a-11f1-891d-eeee0a87b8c8.incident-management-srv#flowable-async-job-executor-thread-20623#
[PollStageAppStatusExecution] ad51bc3f-a511-452b-a243-a2bc40511ef0 [2026-08-16T17:46:11.019394] Staging complete for build 8bc456a6-4f38-49d7-b847-93123c485d78 (STDOUT, API)#
#2026 08 16 17:46:22.432#Z#DEBUG#2fac7300-999a-11f1-891d-eeee0a87b8c8.incident-management-srv#flowable-async-job-executor-thread-20631#
[PollStartAppStatusExecution] ad51bc3f-a511-452b-a243-a2bc40511ef0 [2026-08-16T17:46:12.503417] Updated app with guid ad51bc3f-a511-452b-a243-a2bc40511ef0 ({:droplet_guid=>"90f27bda-92a6-4106-885c-ddacdd788e42"}) (STDOUT, API)#
#2026 08 16 17:46:22.432#Z#DEBUG#2fac7300-999a-11f1-891d-eeee0a87b8c8.incident-management-srv#flowable-async-job-executor-thread-20631#
[PollStartAppStatusExecution] ad51bc3f-a511-452b-a243-a2bc40511ef0 [2026-08-16T17:46:12.808754] Creating revision for app with guid ad51bc3f-a511-452b-a243-a2bc40511ef0 (STDOUT, API)#
#2026 08 16 17:46:22.432#Z#DEBUG#2fac7300-999a-11f1-891d-eeee0a87b8c8.incident-management-srv#flowable-async-job-executor-thread-20631#
[PollStartAppStatusExecution] ad51bc3f-a511-452b-a243-a2bc40511ef0 [2026-08-16T17:46:12.842468] Starting app with guid ad51bc3f-a511-452b-a243-a2bc40511ef0 (STDOUT, API)#
#2026 08 16 17:46:22.432#Z#DEBUG#2fac7300-999a-11f1-891d-eeee0a87b8c8.incident-management-srv#flowable-async-job-executor-thread-20631#
[PollStartAppStatusExecution] ad51bc3f-a511-452b-a243-a2bc40511ef0 [2026-08-16T17:46:13.093493] Cell d1cc041a-d5a1-41d6-b9f6-6cda736ce3f0 creating container for instance b6372c92-c561-4ddb-53ac-b700 (STDOUT, CELL)#
#2026 08 16 17:46:22.432#Z#DEBUG#2fac7300-999a-11f1-891d-eeee0a87b8c8.incident-management-srv#flowable-async-job-executor-thread-20631#
[PollStartAppStatusExecution] ad51bc3f-a511-452b-a243-a2bc40511ef0 [2026-08-16T17:46:13.919727] Security group rules were updated (STDOUT, CELL)#
#2026 08 16 17:46:22.432#Z#DEBUG#2fac7300-999a-11f1-891d-eeee0a87b8c8.incident-management-srv#flowable-async-job-executor-thread-20631#
[PollStartAppStatusExecution] ad51bc3f-a511-452b-a243-a2bc40511ef0 [2026-08-16T17:46:14.022459] Cell d1cc041a-d5a1-41d6-b9f6-6cda736ce3f0 successfully created container for instance b6372c92-c561-4ddb-53ac-b700 (STDOUT, CELL)#
#2026 08 16 17:46:22.432#Z#DEBUG#2fac7300-999a-11f1-891d-eeee0a87b8c8.incident-management-srv#flowable-async-job-executor-thread-20631#
[PollStartAppStatusExecution] ad51bc3f-a511-452b-a243-a2bc40511ef0 [2026-08-16T17:46:14.114909] Cell 77283d80-dfa7-40ba-ba4e-265aef112085 successfully destroyed container for instance 8bc456a6-4f38-49d7-b847-93123c485d78 (STDOUT, STG)#
#2026 08 16 17:46:22.432#Z#DEBUG#2fac7300-999a-11f1-891d-eeee0a87b8c8.incident-management-srv#flowable-async-job-executor-thread-20631#
[PollStartAppStatusExecution] ad51bc3f-a511-452b-a243-a2bc40511ef0 [2026-08-16T17:46:14.611446] Downloading droplet... (STDOUT, CELL)#
#2026 08 16 17:46:22.432#Z#DEBUG#2fac7300-999a-11f1-891d-eeee0a87b8c8.incident-management-srv#flowable-async-job-executor-thread-20631#
[PollStartAppStatusExecution] ad51bc3f-a511-452b-a243-a2bc40511ef0 [2026-08-16T17:46:18.526927] Downloaded droplet (59.4M) (STDOUT, CELL)#
#2026 08 16 17:46:22.432#Z#DEBUG#2fac7300-999a-11f1-891d-eeee0a87b8c8.incident-management-srv#flowable-async-job-executor-thread-20631#
[PollStartAppStatusExecution] ad51bc3f-a511-452b-a243-a2bc40511ef0 [2026-08-16T17:46:18.527180] Starting health monitoring of container (STDOUT, CELL)#
#2026 08 16 17:46:22.432#Z#DEBUG#2fac7300-999a-11f1-891d-eeee0a87b8c8.incident-management-srv#flowable-async-job-executor-thread-20631#
[PollStartAppStatusExecution] ad51bc3f-a511-452b-a243-a2bc40511ef0 [2026-08-16T17:46:18.687516] Invoking pre-start scripts. (STDOUT, APP/PROC/WEB)#
#2026 08 16 17:46:22.432#Z#DEBUG#2fac7300-999a-11f1-891d-eeee0a87b8c8.incident-management-srv#flowable-async-job-executor-thread-20631#
[PollStartAppStatusExecution] ad51bc3f-a511-452b-a243-a2bc40511ef0 [2026-08-16T17:46:18.903332] Invoking start command. (STDOUT, APP/PROC/WEB)#
#2026 08 16 17:46:22.432#Z#DEBUG#2fac7300-999a-11f1-891d-eeee0a87b8c8.incident-management-srv#flowable-async-job-executor-thread-20631#
[PollStartAppStatusExecution] ad51bc3f-a511-452b-a243-a2bc40511ef0 [2026-08-16T17:46:19.395713] > incident-management@1.0.0 start (STDOUT, APP/PROC/WEB)#
#2026 08 16 17:46:22.432#Z#DEBUG#2fac7300-999a-11f1-891d-eeee0a87b8c8.incident-management-srv#flowable-async-job-executor-thread-20631#
[PollStartAppStatusExecution] ad51bc3f-a511-452b-a243-a2bc40511ef0 [2026-08-16T17:46:19.395758] > cds-serve (STDOUT, APP/PROC/WEB)#
#2026 08 16 17:46:22.432#Z#DEBUG#2fac7300-999a-11f1-891d-eeee0a87b8c8.incident-management-srv#flowable-async-job-executor-thread-20631#
[PollStartAppStatusExecution] ad51bc3f-a511-452b-a243-a2bc40511ef0 [2026-08-16T17:46:19.803965] {"level":"info","logger":"cds","timestamp":"2026-08-16T17:46:19.802Z","layer":"cds","component_type":"application","container_id":"10.32.1.5","component_id":"ad51bc3f-a511-452b-a243-a2bc40511ef0","component_name":"incident-management-srv","component_instance":0,"source_instance":0,"organization_name":"292a43cftrial","organization_id":"0012e3ea-1611-4964-86eb-9c84cacff8bb","space_name":"dev","space_id":"f45e1bdb-ffb6-4131-81a7-6fdf00ff09b9","msg":"loaded model from 1 file(s):\n ","type":"log"} (STDOUT, APP/PROC/WEB)#
#2026 08 16 17:46:22.432#Z#DEBUG#2fac7300-999a-11f1-891d-eeee0a87b8c8.incident-management-srv#flowable-async-job-executor-thread-20631#
[PollStartAppStatusExecution] ad51bc3f-a511-452b-a243-a2bc40511ef0 [2026-08-16T17:46:19.804447] srv/csn.json (STDOUT, APP/PROC/WEB)#
#2026 08 16 17:46:22.432#Z#DEBUG#2fac7300-999a-11f1-891d-eeee0a87b8c8.incident-management-srv#flowable-async-job-executor-thread-20631#
[PollStartAppStatusExecution] ad51bc3f-a511-452b-a243-a2bc40511ef0 [2026-08-16T17:46:20.137523] {"level":"info","logger":"cds","timestamp":"2026-08-16T17:46:20.136Z","layer":"cds","component_type":"application","container_id":"10.32.1.5","component_id":"ad51bc3f-a511-452b-a243-a2bc40511ef0","component_name":"incident-management-srv","component_instance":0,"source_instance":0,"organization_name":"292a43cftrial","organization_id":"0012e3ea-1611-4964-86eb-9c84cacff8bb","space_name":"dev","space_id":"f45e1bdb-ffb6-4131-81a7-6fdf00ff09b9","msg":"connect to db > hana {\n  database_id: '3a4018c7-27a2-4a7a-932d-5ca0e50b2b21',\n  host: '3a4018c7-27a2-4a7a-932d-5ca0e50b2b21.hna0.prod-us10.hanacloud.ondemand.com',\n  port: '443',\n  driver: 'com.sap.db.jdbc.Driver',\n  url: 'jdbc:sap://3a4018c7-27a2-4a7a-932d-5ca0e50b2b21.hna0.prod-us10.hanacloud.ondemand.com:443?encrypt=true&validateCertificate=true&currentschema=E05890E9B3E34E29A613CA52F2276423',\n  schema: 'E05890E9B3E34E29A613CA52F2276423',\n  certificate: '...',\n  hdi_user: 'E05890E9B3E34E29A613CA52F2276423_1QZB2OPE33EXLJRCSQIEA2TIK_DT',\n  hdi_password: '...',\n  user: 'E05890E9B3E34E29A613CA52F2276423_1QZB2OPE33EXLJRCSQIEA2TIK_RT',\n  password: '...'\n}","type":"log"} (STDOUT, APP/PROC/WEB)#
#2026 08 16 17:46:22.432#Z#DEBUG#2fac7300-999a-11f1-891d-eeee0a87b8c8.incident-management-srv#flowable-async-job-executor-thread-20631#
[PollStartAppStatusExecution] ad51bc3f-a511-452b-a243-a2bc40511ef0 [2026-08-16T17:46:20.182342] {"level":"info","logger":"cds","timestamp":"2026-08-16T17:46:20.181Z","layer":"cds","component_type":"application","container_id":"10.32.1.5","component_id":"ad51bc3f-a511-452b-a243-a2bc40511ef0","component_name":"incident-management-srv","component_instance":0,"source_instance":0,"organization_name":"292a43cftrial","organization_id":"0012e3ea-1611-4964-86eb-9c84cacff8bb","space_name":"dev","space_id":"f45e1bdb-ffb6-4131-81a7-6fdf00ff09b9","msg":"using auth strategy { kind: 'xsuaa' }","type":"log"} (STDOUT, APP/PROC/WEB)#
#2026 08 16 17:46:22.432#Z#DEBUG#2fac7300-999a-11f1-891d-eeee0a87b8c8.incident-management-srv#flowable-async-job-executor-thread-20631#
[PollStartAppStatusExecution] ad51bc3f-a511-452b-a243-a2bc40511ef0 [2026-08-16T17:46:20.237624] {"level":"info","logger":"cds","timestamp":"2026-08-16T17:46:20.237Z","layer":"cds","component_type":"application","container_id":"10.32.1.5","component_id":"ad51bc3f-a511-452b-a243-a2bc40511ef0","component_name":"incident-management-srv","component_instance":0,"source_instance":0,"organization_name":"292a43cftrial","organization_id":"0012e3ea-1611-4964-86eb-9c84cacff8bb","space_name":"dev","space_id":"f45e1bdb-ffb6-4131-81a7-6fdf00ff09b9","msg":"serving ProcessorService {\n  at: [ '/odata/v4/processor' ],\n  decl: 'srv/csn.json:648',\n  impl: 'srv/services.js'\n}","type":"log"} (STDOUT, APP/PROC/WEB)#
#2026 08 16 17:46:22.432#Z#DEBUG#2fac7300-999a-11f1-891d-eeee0a87b8c8.incident-management-srv#flowable-async-job-executor-thread-20631#
[PollStartAppStatusExecution] ad51bc3f-a511-452b-a243-a2bc40511ef0 [2026-08-16T17:46:20.238623] {"level":"info","logger":"cds","timestamp":"2026-08-16T17:46:20.238Z","layer":"cds","component_type":"application","container_id":"10.32.1.5","component_id":"ad51bc3f-a511-452b-a243-a2bc40511ef0","component_name":"incident-management-srv","component_instance":0,"source_instance":0,"organization_name":"292a43cftrial","organization_id":"0012e3ea-1611-4964-86eb-9c84cacff8bb","space_name":"dev","space_id":"f45e1bdb-ffb6-4131-81a7-6fdf00ff09b9","msg":"serving AdminService {\n  at: [ '/odata/v4/admin' ],\n  decl: 'srv/csn.json:1535',\n  impl: 'srv/services.js'\n}","type":"log"} (STDOUT, APP/PROC/WEB)#
#2026 08 16 17:46:22.432#Z#DEBUG#2fac7300-999a-11f1-891d-eeee0a87b8c8.incident-management-srv#flowable-async-job-executor-thread-20631#
[PollStartAppStatusExecution] ad51bc3f-a511-452b-a243-a2bc40511ef0 [2026-08-16T17:46:20.245660] {"level":"info","logger":"cds","timestamp":"2026-08-16T17:46:20.244Z","layer":"cds","component_type":"application","container_id":"10.32.1.5","component_id":"ad51bc3f-a511-452b-a243-a2bc40511ef0","component_name":"incident-management-srv","component_instance":0,"source_instance":0,"organization_name":"292a43cftrial","organization_id":"0012e3ea-1611-4964-86eb-9c84cacff8bb","space_name":"dev","space_id":"f45e1bdb-ffb6-4131-81a7-6fdf00ff09b9","msg":"server listening on { url: 'http://localhost:8080' }","type":"log"} (STDOUT, APP/PROC/WEB)#
#2026 08 16 17:46:22.432#Z#DEBUG#2fac7300-999a-11f1-891d-eeee0a87b8c8.incident-management-srv#flowable-async-job-executor-thread-20631#
[PollStartAppStatusExecution] ad51bc3f-a511-452b-a243-a2bc40511ef0 [2026-08-16T17:46:20.247354] {"level":"info","logger":"cds","timestamp":"2026-08-16T17:46:20.247Z","layer":"cds","component_type":"application","container_id":"10.32.1.5","component_id":"ad51bc3f-a511-452b-a243-a2bc40511ef0","component_name":"incident-management-srv","component_instance":0,"source_instance":0,"organization_name":"292a43cftrial","organization_id":"0012e3ea-1611-4964-86eb-9c84cacff8bb","space_name":"dev","space_id":"f45e1bdb-ffb6-4131-81a7-6fdf00ff09b9","msg":"server v9.9.3 launched in 839 ms","type":"log"} (STDOUT, APP/PROC/WEB)#
#2026 08 16 17:46:22.432#Z#DEBUG#2fac7300-999a-11f1-891d-eeee0a87b8c8.incident-management-srv#flowable-async-job-executor-thread-20631#
[PollStartAppStatusExecution] ad51bc3f-a511-452b-a243-a2bc40511ef0 [2026-08-16T17:46:20.953443] Container became healthy (STDOUT, CELL)#
#2026 08 16 17:46:22.432#Z#DEBUG#2fac7300-999a-11f1-891d-eeee0a87b8c8.incident-management-srv#flowable-async-job-executor-thread-20631#
[PollStartAppStatusExecution] ad51bc3f-a511-452b-a243-a2bc40511ef0 [2026-08-16T17:46:20.975898] Process became ready with guid ad51bc3f-a511-452b-a243-a2bc40511ef0 payload: {"instance"=>"b6372c92-c561-4ddb-53ac-b700", "index"=>0, "cell_id"=>"d1cc041a-d5a1-41d6-b9f6-6cda736ce3f0", "ready"=>true, "version"=>"65ae3f35-3d6e-4d9a-a79a-f3a992d12821"} (STDOUT, API)#
