#2026 08 16 17:45:32.211#Z#DEBUG#2fac7300-999a-11f1-891d-eeee0a87b8c8.incident-management-db-deployer#flowable-async-job-executor-thread-20601#
[PollStageAppStatusExecution] 0902cf55-a1a0-45c3-8de4-5fd707c3292e [2026-08-16T17:45:03.243636] Updated app with guid 0902cf55-a1a0-45c3-8de4-5fd707c3292e ({"lifecycle"=>{"data"=>{"buildpacks"=>["nodejs_buildpack"]}, "type"=>"buildpack"}}) (STDOUT, API)#
#2026 08 16 17:45:32.211#Z#DEBUG#2fac7300-999a-11f1-891d-eeee0a87b8c8.incident-management-db-deployer#flowable-async-job-executor-thread-20601#
[PollStageAppStatusExecution] 0902cf55-a1a0-45c3-8de4-5fd707c3292e [2026-08-16T17:45:03.342084] Updating process: "web" (STDOUT, API)#
#2026 08 16 17:45:32.211#Z#DEBUG#2fac7300-999a-11f1-891d-eeee0a87b8c8.incident-management-db-deployer#flowable-async-job-executor-thread-20601#
[PollStageAppStatusExecution] 0902cf55-a1a0-45c3-8de4-5fd707c3292e [2026-08-16T17:45:12.243517] Uploading app package for app with guid 0902cf55-a1a0-45c3-8de4-5fd707c3292e (STDOUT, API)#
#2026 08 16 17:45:32.211#Z#DEBUG#2fac7300-999a-11f1-891d-eeee0a87b8c8.incident-management-db-deployer#flowable-async-job-executor-thread-20601#
[PollStageAppStatusExecution] 0902cf55-a1a0-45c3-8de4-5fd707c3292e [2026-08-16T17:45:12.420711] Updated app with guid 0902cf55-a1a0-45c3-8de4-5fd707c3292e ({"environment_variables"=>"[PRIVATE DATA HIDDEN]"}) (STDOUT, API)#
#2026 08 16 17:45:32.211#Z#DEBUG#2fac7300-999a-11f1-891d-eeee0a87b8c8.incident-management-db-deployer#flowable-async-job-executor-thread-20601#
[PollStageAppStatusExecution] 0902cf55-a1a0-45c3-8de4-5fd707c3292e [2026-08-16T17:45:22.388193] Creating build for app with guid 0902cf55-a1a0-45c3-8de4-5fd707c3292e (STDOUT, API)#
#2026 08 16 17:45:32.211#Z#DEBUG#2fac7300-999a-11f1-891d-eeee0a87b8c8.incident-management-db-deployer#flowable-async-job-executor-thread-20601#
[PollStageAppStatusExecution] 0902cf55-a1a0-45c3-8de4-5fd707c3292e [2026-08-16T17:45:22.775913] Downloading nodejs_buildpack... (STDOUT, STG)#
#2026 08 16 17:45:32.211#Z#DEBUG#2fac7300-999a-11f1-891d-eeee0a87b8c8.incident-management-db-deployer#flowable-async-job-executor-thread-20601#
[PollStageAppStatusExecution] 0902cf55-a1a0-45c3-8de4-5fd707c3292e [2026-08-16T17:45:22.823534] Downloaded nodejs_buildpack (STDOUT, STG)#
#2026 08 16 17:45:32.211#Z#DEBUG#2fac7300-999a-11f1-891d-eeee0a87b8c8.incident-management-db-deployer#flowable-async-job-executor-thread-20601#
[PollStageAppStatusExecution] 0902cf55-a1a0-45c3-8de4-5fd707c3292e [2026-08-16T17:45:22.823635] Cell c839c7b1-088e-41af-b9b7-66256aacd457 creating container for instance 115dd3d7-94c3-4411-9dca-34845a4a4bd3 (STDOUT, STG)#
#2026 08 16 17:45:32.211#Z#DEBUG#2fac7300-999a-11f1-891d-eeee0a87b8c8.incident-management-db-deployer#flowable-async-job-executor-thread-20601#
[PollStageAppStatusExecution] 0902cf55-a1a0-45c3-8de4-5fd707c3292e [2026-08-16T17:45:23.720546] Security group rules were updated (STDOUT, STG)#
#2026 08 16 17:45:32.211#Z#DEBUG#2fac7300-999a-11f1-891d-eeee0a87b8c8.incident-management-db-deployer#flowable-async-job-executor-thread-20601#
[PollStageAppStatusExecution] 0902cf55-a1a0-45c3-8de4-5fd707c3292e [2026-08-16T17:45:24.044580] Cell c839c7b1-088e-41af-b9b7-66256aacd457 successfully created container for instance 115dd3d7-94c3-4411-9dca-34845a4a4bd3 (STDOUT, STG)#
#2026 08 16 17:45:32.211#Z#DEBUG#2fac7300-999a-11f1-891d-eeee0a87b8c8.incident-management-db-deployer#flowable-async-job-executor-thread-20601#
[PollStageAppStatusExecution] 0902cf55-a1a0-45c3-8de4-5fd707c3292e [2026-08-16T17:45:24.484234] Downloading build artifacts cache... (STDOUT, STG)#
#2026 08 16 17:45:32.211#Z#DEBUG#2fac7300-999a-11f1-891d-eeee0a87b8c8.incident-management-db-deployer#flowable-async-job-executor-thread-20601#
[PollStageAppStatusExecution] 0902cf55-a1a0-45c3-8de4-5fd707c3292e [2026-08-16T17:45:24.484976] Downloading app package... (STDOUT, STG)#
#2026 08 16 17:45:32.211#Z#DEBUG#2fac7300-999a-11f1-891d-eeee0a87b8c8.incident-management-db-deployer#flowable-async-job-executor-thread-20601#
[PollStageAppStatusExecution] 0902cf55-a1a0-45c3-8de4-5fd707c3292e [2026-08-16T17:45:24.612695] Downloaded build artifacts cache (224B) (STDOUT, STG)#
#2026 08 16 17:45:32.211#Z#DEBUG#2fac7300-999a-11f1-891d-eeee0a87b8c8.incident-management-db-deployer#flowable-async-job-executor-thread-20601#
[PollStageAppStatusExecution] 0902cf55-a1a0-45c3-8de4-5fd707c3292e [2026-08-16T17:45:24.873945] Downloaded app package (2.3M) (STDOUT, STG)#
#2026 08 16 17:45:32.211#Z#DEBUG#2fac7300-999a-11f1-891d-eeee0a87b8c8.incident-management-db-deployer#flowable-async-job-executor-thread-20601#
[PollStageAppStatusExecution] 0902cf55-a1a0-45c3-8de4-5fd707c3292e [2026-08-16T17:45:25.005520] -----> Nodejs Buildpack version 1.9.2 (STDOUT, STG)#
#2026 08 16 17:45:32.211#Z#DEBUG#2fac7300-999a-11f1-891d-eeee0a87b8c8.incident-management-db-deployer#flowable-async-job-executor-thread-20601#
[PollStageAppStatusExecution] 0902cf55-a1a0-45c3-8de4-5fd707c3292e [2026-08-16T17:45:25.257414] -----> Bootstrapping python (STDOUT, STG)#
#2026 08 16 17:45:32.211#Z#DEBUG#2fac7300-999a-11f1-891d-eeee0a87b8c8.incident-management-db-deployer#flowable-async-job-executor-thread-20601#
[PollStageAppStatusExecution] 0902cf55-a1a0-45c3-8de4-5fd707c3292e [2026-08-16T17:45:25.257451] -----> Installing python 3.13.13 (STDOUT, STG)#
#2026 08 16 17:45:32.211#Z#DEBUG#2fac7300-999a-11f1-891d-eeee0a87b8c8.incident-management-db-deployer#flowable-async-job-executor-thread-20601#
[PollStageAppStatusExecution] 0902cf55-a1a0-45c3-8de4-5fd707c3292e [2026-08-16T17:45:25.273210] Copy [/tmp/buildpacks/17bd89c67d092631/dependencies/268a5e3743d51a14b86ea9da64439307/python_3.13.13_linux_x64_cflinuxfs4_8311abbf.tgz] (STDOUT, STG)#
#2026 08 16 17:45:32.211#Z#DEBUG#2fac7300-999a-11f1-891d-eeee0a87b8c8.incident-management-db-deployer#flowable-async-job-executor-thread-20601#
[PollStageAppStatusExecution] 0902cf55-a1a0-45c3-8de4-5fd707c3292e [2026-08-16T17:45:29.821520] -----> Installing binaries (STDOUT, STG)#
#2026 08 16 17:45:32.211#Z#DEBUG#2fac7300-999a-11f1-891d-eeee0a87b8c8.incident-management-db-deployer#flowable-async-job-executor-thread-20601#
[PollStageAppStatusExecution] 0902cf55-a1a0-45c3-8de4-5fd707c3292e [2026-08-16T17:45:29.821708] engines.node (package.json): >=18 (STDOUT, STG)#
#2026 08 16 17:45:32.211#Z#DEBUG#2fac7300-999a-11f1-891d-eeee0a87b8c8.incident-management-db-deployer#flowable-async-job-executor-thread-20601#
[PollStageAppStatusExecution] 0902cf55-a1a0-45c3-8de4-5fd707c3292e [2026-08-16T17:45:29.821764] engines.npm (package.json): unspecified (use default) (STDOUT, STG)#
#2026 08 16 17:45:32.211#Z#DEBUG#2fac7300-999a-11f1-891d-eeee0a87b8c8.incident-management-db-deployer#flowable-async-job-executor-thread-20601#
[PollStageAppStatusExecution] 0902cf55-a1a0-45c3-8de4-5fd707c3292e [2026-08-16T17:45:29.821818] [31;1m**WARNING**[0m Dangerous semver range (>) in engines.node. See: http://docs.cloudfoundry.org/buildpacks/node/node-tips.html (STDOUT, STG)#
#2026 08 16 17:45:32.211#Z#DEBUG#2fac7300-999a-11f1-891d-eeee0a87b8c8.incident-management-db-deployer#flowable-async-job-executor-thread-20601#
[PollStageAppStatusExecution] 0902cf55-a1a0-45c3-8de4-5fd707c3292e [2026-08-16T17:45:29.821930] -----> Installing node 24.15.0 (STDOUT, STG)#
#2026 08 16 17:45:32.211#Z#DEBUG#2fac7300-999a-11f1-891d-eeee0a87b8c8.incident-management-db-deployer#flowable-async-job-executor-thread-20601#
[PollStageAppStatusExecution] 0902cf55-a1a0-45c3-8de4-5fd707c3292e [2026-08-16T17:45:29.822344] Copy [/tmp/buildpacks/17bd89c67d092631/dependencies/6441e97e6386f47ec4c16cfdf8db0a17/node_24.15.0_linux_x64_cflinuxfs4_1a62d98b.tgz] (STDOUT, STG)#
#2026 08 16 17:45:42.204#Z#DEBUG#2fac7300-999a-11f1-891d-eeee0a87b8c8.incident-management-db-deployer#flowable-async-job-executor-thread-20605#
[PollStageAppStatusExecution] 0902cf55-a1a0-45c3-8de4-5fd707c3292e [2026-08-16T17:45:32.609540] Using default npm version: 11.12.1 (STDOUT, STG)#
#2026 08 16 17:45:42.204#Z#DEBUG#2fac7300-999a-11f1-891d-eeee0a87b8c8.incident-management-db-deployer#flowable-async-job-executor-thread-20605#
[PollStageAppStatusExecution] 0902cf55-a1a0-45c3-8de4-5fd707c3292e [2026-08-16T17:45:32.609586] -----> Installing yarn 1.22.22 (STDOUT, STG)#
#2026 08 16 17:45:42.204#Z#DEBUG#2fac7300-999a-11f1-891d-eeee0a87b8c8.incident-management-db-deployer#flowable-async-job-executor-thread-20605#
[PollStageAppStatusExecution] 0902cf55-a1a0-45c3-8de4-5fd707c3292e [2026-08-16T17:45:32.609906] Copy [/tmp/buildpacks/17bd89c67d092631/dependencies/e4fe26756e9984a665478d350474fa2e/yarn_1.22.22_linux_noarch_any-stack_b6132b86.tgz] (STDOUT, STG)#
#2026 08 16 17:45:42.204#Z#DEBUG#2fac7300-999a-11f1-891d-eeee0a87b8c8.incident-management-db-deployer#flowable-async-job-executor-thread-20605#
[PollStageAppStatusExecution] 0902cf55-a1a0-45c3-8de4-5fd707c3292e [2026-08-16T17:45:33.043674] Installed yarn 1.22.22 (STDOUT, STG)#
#2026 08 16 17:45:42.204#Z#DEBUG#2fac7300-999a-11f1-891d-eeee0a87b8c8.incident-management-db-deployer#flowable-async-job-executor-thread-20605#
[PollStageAppStatusExecution] 0902cf55-a1a0-45c3-8de4-5fd707c3292e [2026-08-16T17:45:33.043714] -----> Creating runtime environment (STDOUT, STG)#
#2026 08 16 17:45:42.204#Z#DEBUG#2fac7300-999a-11f1-891d-eeee0a87b8c8.incident-management-db-deployer#flowable-async-job-executor-thread-20605#
[PollStageAppStatusExecution] 0902cf55-a1a0-45c3-8de4-5fd707c3292e [2026-08-16T17:45:33.047308] NODE_ENV=production (STDOUT, STG)#
#2026 08 16 17:45:42.204#Z#DEBUG#2fac7300-999a-11f1-891d-eeee0a87b8c8.incident-management-db-deployer#flowable-async-job-executor-thread-20605#
[PollStageAppStatusExecution] 0902cf55-a1a0-45c3-8de4-5fd707c3292e [2026-08-16T17:45:33.047487] NODE_HOME=/tmp/contents2339584948/deps/0/node (STDOUT, STG)#
#2026 08 16 17:45:42.204#Z#DEBUG#2fac7300-999a-11f1-891d-eeee0a87b8c8.incident-management-db-deployer#flowable-async-job-executor-thread-20605#
[PollStageAppStatusExecution] 0902cf55-a1a0-45c3-8de4-5fd707c3292e [2026-08-16T17:45:33.047534] NODE_MODULES_CACHE=true (STDOUT, STG)#
#2026 08 16 17:45:42.204#Z#DEBUG#2fac7300-999a-11f1-891d-eeee0a87b8c8.incident-management-db-deployer#flowable-async-job-executor-thread-20605#
[PollStageAppStatusExecution] 0902cf55-a1a0-45c3-8de4-5fd707c3292e [2026-08-16T17:45:33.048145] NODE_VERBOSE=false (STDOUT, STG)#
#2026 08 16 17:45:42.204#Z#DEBUG#2fac7300-999a-11f1-891d-eeee0a87b8c8.incident-management-db-deployer#flowable-async-job-executor-thread-20605#
[PollStageAppStatusExecution] 0902cf55-a1a0-45c3-8de4-5fd707c3292e [2026-08-16T17:45:33.048193] NPM_CONFIG_LOGLEVEL=error (STDOUT, STG)#
#2026 08 16 17:45:42.204#Z#DEBUG#2fac7300-999a-11f1-891d-eeee0a87b8c8.incident-management-db-deployer#flowable-async-job-executor-thread-20605#
[PollStageAppStatusExecution] 0902cf55-a1a0-45c3-8de4-5fd707c3292e [2026-08-16T17:45:33.048249] NPM_CONFIG_PRODUCTION=true (STDOUT, STG)#
#2026 08 16 17:45:42.204#Z#DEBUG#2fac7300-999a-11f1-891d-eeee0a87b8c8.incident-management-db-deployer#flowable-async-job-executor-thread-20605#
[PollStageAppStatusExecution] 0902cf55-a1a0-45c3-8de4-5fd707c3292e [2026-08-16T17:45:33.048397] -----> Building dependencies (STDOUT, STG)#
#2026 08 16 17:45:42.204#Z#DEBUG#2fac7300-999a-11f1-891d-eeee0a87b8c8.incident-management-db-deployer#flowable-async-job-executor-thread-20605#
[PollStageAppStatusExecution] 0902cf55-a1a0-45c3-8de4-5fd707c3292e [2026-08-16T17:45:33.048462] Prebuild detected (node_modules already exists) (STDOUT, STG)#
#2026 08 16 17:45:42.204#Z#DEBUG#2fac7300-999a-11f1-891d-eeee0a87b8c8.incident-management-db-deployer#flowable-async-job-executor-thread-20605#
[PollStageAppStatusExecution] 0902cf55-a1a0-45c3-8de4-5fd707c3292e [2026-08-16T17:45:33.048672] Rebuilding any native modules (STDOUT, STG)#
#2026 08 16 17:45:42.204#Z#DEBUG#2fac7300-999a-11f1-891d-eeee0a87b8c8.incident-management-db-deployer#flowable-async-job-executor-thread-20605#
[PollStageAppStatusExecution] 0902cf55-a1a0-45c3-8de4-5fd707c3292e [2026-08-16T17:45:33.707166] rebuilt dependencies successfully (STDOUT, STG)#
#2026 08 16 17:45:42.204#Z#DEBUG#2fac7300-999a-11f1-891d-eeee0a87b8c8.incident-management-db-deployer#flowable-async-job-executor-thread-20605#
[PollStageAppStatusExecution] 0902cf55-a1a0-45c3-8de4-5fd707c3292e [2026-08-16T17:45:33.778318] Installing any new modules (package.json + package-lock.json) (STDOUT, STG)#
#2026 08 16 17:45:42.204#Z#DEBUG#2fac7300-999a-11f1-891d-eeee0a87b8c8.incident-management-db-deployer#flowable-async-job-executor-thread-20605#
[PollStageAppStatusExecution] 0902cf55-a1a0-45c3-8de4-5fd707c3292e [2026-08-16T17:45:34.272664] up to date in 403ms (STDOUT, STG)#
#2026 08 16 17:45:42.204#Z#DEBUG#2fac7300-999a-11f1-891d-eeee0a87b8c8.incident-management-db-deployer#flowable-async-job-executor-thread-20605#
[PollStageAppStatusExecution] 0902cf55-a1a0-45c3-8de4-5fd707c3292e [2026-08-16T17:45:34.273207] 4 packages are looking for funding (STDOUT, STG)#
#2026 08 16 17:45:42.204#Z#DEBUG#2fac7300-999a-11f1-891d-eeee0a87b8c8.incident-management-db-deployer#flowable-async-job-executor-thread-20605#
[PollStageAppStatusExecution] 0902cf55-a1a0-45c3-8de4-5fd707c3292e [2026-08-16T17:45:34.273349] run `npm fund` for details (STDOUT, STG)#
#2026 08 16 17:45:42.204#Z#DEBUG#2fac7300-999a-11f1-891d-eeee0a87b8c8.incident-management-db-deployer#flowable-async-job-executor-thread-20605#
[PollStageAppStatusExecution] 0902cf55-a1a0-45c3-8de4-5fd707c3292e [2026-08-16T17:45:35.282914] Contrast Security no credentials found. Will not write environment files. (STDOUT, STG)#
#2026 08 16 17:45:52.260#Z#DEBUG#2fac7300-999a-11f1-891d-eeee0a87b8c8.incident-management-db-deployer#flowable-async-job-executor-thread-20611#
[PollStageAppStatusExecution] 0902cf55-a1a0-45c3-8de4-5fd707c3292e [2026-08-16T17:45:44.700855] Exit status 0 (STDOUT, STG)#
#2026 08 16 17:45:52.260#Z#DEBUG#2fac7300-999a-11f1-891d-eeee0a87b8c8.incident-management-db-deployer#flowable-async-job-executor-thread-20611#
[PollStageAppStatusExecution] 0902cf55-a1a0-45c3-8de4-5fd707c3292e [2026-08-16T17:45:44.700923] Uploading droplet, build artifacts cache... (STDOUT, STG)#
#2026 08 16 17:45:52.260#Z#DEBUG#2fac7300-999a-11f1-891d-eeee0a87b8c8.incident-management-db-deployer#flowable-async-job-executor-thread-20611#
[PollStageAppStatusExecution] 0902cf55-a1a0-45c3-8de4-5fd707c3292e [2026-08-16T17:45:44.700966] Uploading droplet... (STDOUT, STG)#
#2026 08 16 17:45:52.260#Z#DEBUG#2fac7300-999a-11f1-891d-eeee0a87b8c8.incident-management-db-deployer#flowable-async-job-executor-thread-20611#
[PollStageAppStatusExecution] 0902cf55-a1a0-45c3-8de4-5fd707c3292e [2026-08-16T17:45:44.701013] Uploading build artifacts cache... (STDOUT, STG)#
#2026 08 16 17:45:52.260#Z#DEBUG#2fac7300-999a-11f1-891d-eeee0a87b8c8.incident-management-db-deployer#flowable-async-job-executor-thread-20611#
[PollStageAppStatusExecution] 0902cf55-a1a0-45c3-8de4-5fd707c3292e [2026-08-16T17:45:44.731246] Uploaded build artifacts cache (223B) (STDOUT, STG)#
#2026 08 16 17:45:52.260#Z#DEBUG#2fac7300-999a-11f1-891d-eeee0a87b8c8.incident-management-db-deployer#flowable-async-job-executor-thread-20611#
[PollStageAppStatusExecution] 0902cf55-a1a0-45c3-8de4-5fd707c3292e [2026-08-16T17:45:45.469714] Creating droplet for app with guid 0902cf55-a1a0-45c3-8de4-5fd707c3292e (STDOUT, API)#
#2026 08 16 17:45:52.260#Z#DEBUG#2fac7300-999a-11f1-891d-eeee0a87b8c8.incident-management-db-deployer#flowable-async-job-executor-thread-20611#
[PollStageAppStatusExecution] 0902cf55-a1a0-45c3-8de4-5fd707c3292e [2026-08-16T17:45:47.538246] Uploaded droplet (58.6M) (STDOUT, STG)#
#2026 08 16 17:45:52.260#Z#DEBUG#2fac7300-999a-11f1-891d-eeee0a87b8c8.incident-management-db-deployer#flowable-async-job-executor-thread-20611#
[PollStageAppStatusExecution] 0902cf55-a1a0-45c3-8de4-5fd707c3292e [2026-08-16T17:45:47.567178] Uploading complete (STDOUT, STG)#
#2026 08 16 17:45:52.260#Z#DEBUG#2fac7300-999a-11f1-891d-eeee0a87b8c8.incident-management-db-deployer#flowable-async-job-executor-thread-20611#
[PollStageAppStatusExecution] 0902cf55-a1a0-45c3-8de4-5fd707c3292e [2026-08-16T17:45:48.186092] Cell c839c7b1-088e-41af-b9b7-66256aacd457 stopping instance 115dd3d7-94c3-4411-9dca-34845a4a4bd3 (STDOUT, STG)#
#2026 08 16 17:45:52.260#Z#DEBUG#2fac7300-999a-11f1-891d-eeee0a87b8c8.incident-management-db-deployer#flowable-async-job-executor-thread-20611#
[PollStageAppStatusExecution] 0902cf55-a1a0-45c3-8de4-5fd707c3292e [2026-08-16T17:45:48.186147] Cell c839c7b1-088e-41af-b9b7-66256aacd457 destroying container for instance 115dd3d7-94c3-4411-9dca-34845a4a4bd3 (STDOUT, STG)#
#2026 08 16 17:45:52.260#Z#DEBUG#2fac7300-999a-11f1-891d-eeee0a87b8c8.incident-management-db-deployer#flowable-async-job-executor-thread-20611#
[PollStageAppStatusExecution] 0902cf55-a1a0-45c3-8de4-5fd707c3292e [2026-08-16T17:45:48.230996] Staging complete for build 115dd3d7-94c3-4411-9dca-34845a4a4bd3 (STDOUT, API)#
#2026 08 16 17:45:52.260#Z#DEBUG#2fac7300-999a-11f1-891d-eeee0a87b8c8.incident-management-db-deployer#flowable-async-job-executor-thread-20611#
[PollStageAppStatusExecution] 0902cf55-a1a0-45c3-8de4-5fd707c3292e [2026-08-16T17:45:51.376887] Cell c839c7b1-088e-41af-b9b7-66256aacd457 successfully destroyed container for instance 115dd3d7-94c3-4411-9dca-34845a4a4bd3 (STDOUT, STG)#
#2026 08 16 17:46:02.337#Z#DEBUG#2fac7300-999a-11f1-891d-eeee0a87b8c8.incident-management-db-deployer#flowable-async-job-executor-thread-8738#
[PollExecuteTaskStatusExecution] 0902cf55-a1a0-45c3-8de4-5fd707c3292e [2026-08-16T17:45:03.243636] Updated app with guid 0902cf55-a1a0-45c3-8de4-5fd707c3292e ({"lifecycle"=>{"data"=>{"buildpacks"=>["nodejs_buildpack"]}, "type"=>"buildpack"}}) (STDOUT, API)#
#2026 08 16 17:46:02.337#Z#DEBUG#2fac7300-999a-11f1-891d-eeee0a87b8c8.incident-management-db-deployer#flowable-async-job-executor-thread-8738#
[PollExecuteTaskStatusExecution] 0902cf55-a1a0-45c3-8de4-5fd707c3292e [2026-08-16T17:45:03.342084] Updating process: "web" (STDOUT, API)#
#2026 08 16 17:46:02.337#Z#DEBUG#2fac7300-999a-11f1-891d-eeee0a87b8c8.incident-management-db-deployer#flowable-async-job-executor-thread-8738#
[PollExecuteTaskStatusExecution] 0902cf55-a1a0-45c3-8de4-5fd707c3292e [2026-08-16T17:45:12.243517] Uploading app package for app with guid 0902cf55-a1a0-45c3-8de4-5fd707c3292e (STDOUT, API)#
#2026 08 16 17:46:02.337#Z#DEBUG#2fac7300-999a-11f1-891d-eeee0a87b8c8.incident-management-db-deployer#flowable-async-job-executor-thread-8738#
[PollExecuteTaskStatusExecution] 0902cf55-a1a0-45c3-8de4-5fd707c3292e [2026-08-16T17:45:12.420711] Updated app with guid 0902cf55-a1a0-45c3-8de4-5fd707c3292e ({"environment_variables"=>"[PRIVATE DATA HIDDEN]"}) (STDOUT, API)#
#2026 08 16 17:46:02.337#Z#DEBUG#2fac7300-999a-11f1-891d-eeee0a87b8c8.incident-management-db-deployer#flowable-async-job-executor-thread-8738#
[PollExecuteTaskStatusExecution] 0902cf55-a1a0-45c3-8de4-5fd707c3292e [2026-08-16T17:45:22.388193] Creating build for app with guid 0902cf55-a1a0-45c3-8de4-5fd707c3292e (STDOUT, API)#
#2026 08 16 17:46:02.337#Z#DEBUG#2fac7300-999a-11f1-891d-eeee0a87b8c8.incident-management-db-deployer#flowable-async-job-executor-thread-8738#
[PollExecuteTaskStatusExecution] 0902cf55-a1a0-45c3-8de4-5fd707c3292e [2026-08-16T17:45:22.775913] Downloading nodejs_buildpack... (STDOUT, STG)#
#2026 08 16 17:46:02.337#Z#DEBUG#2fac7300-999a-11f1-891d-eeee0a87b8c8.incident-management-db-deployer#flowable-async-job-executor-thread-8738#
[PollExecuteTaskStatusExecution] 0902cf55-a1a0-45c3-8de4-5fd707c3292e [2026-08-16T17:45:22.823534] Downloaded nodejs_buildpack (STDOUT, STG)#
#2026 08 16 17:46:02.337#Z#DEBUG#2fac7300-999a-11f1-891d-eeee0a87b8c8.incident-management-db-deployer#flowable-async-job-executor-thread-8738#
[PollExecuteTaskStatusExecution] 0902cf55-a1a0-45c3-8de4-5fd707c3292e [2026-08-16T17:45:22.823635] Cell c839c7b1-088e-41af-b9b7-66256aacd457 creating container for instance 115dd3d7-94c3-4411-9dca-34845a4a4bd3 (STDOUT, STG)#
#2026 08 16 17:46:02.337#Z#DEBUG#2fac7300-999a-11f1-891d-eeee0a87b8c8.incident-management-db-deployer#flowable-async-job-executor-thread-8738#
[PollExecuteTaskStatusExecution] 0902cf55-a1a0-45c3-8de4-5fd707c3292e [2026-08-16T17:45:23.720546] Security group rules were updated (STDOUT, STG)#
#2026 08 16 17:46:02.337#Z#DEBUG#2fac7300-999a-11f1-891d-eeee0a87b8c8.incident-management-db-deployer#flowable-async-job-executor-thread-8738#
[PollExecuteTaskStatusExecution] 0902cf55-a1a0-45c3-8de4-5fd707c3292e [2026-08-16T17:45:24.044580] Cell c839c7b1-088e-41af-b9b7-66256aacd457 successfully created container for instance 115dd3d7-94c3-4411-9dca-34845a4a4bd3 (STDOUT, STG)#
#2026 08 16 17:46:02.337#Z#DEBUG#2fac7300-999a-11f1-891d-eeee0a87b8c8.incident-management-db-deployer#flowable-async-job-executor-thread-8738#
[PollExecuteTaskStatusExecution] 0902cf55-a1a0-45c3-8de4-5fd707c3292e [2026-08-16T17:45:24.484234] Downloading build artifacts cache... (STDOUT, STG)#
#2026 08 16 17:46:02.337#Z#DEBUG#2fac7300-999a-11f1-891d-eeee0a87b8c8.incident-management-db-deployer#flowable-async-job-executor-thread-8738#
[PollExecuteTaskStatusExecution] 0902cf55-a1a0-45c3-8de4-5fd707c3292e [2026-08-16T17:45:24.484976] Downloading app package... (STDOUT, STG)#
#2026 08 16 17:46:02.337#Z#DEBUG#2fac7300-999a-11f1-891d-eeee0a87b8c8.incident-management-db-deployer#flowable-async-job-executor-thread-8738#
[PollExecuteTaskStatusExecution] 0902cf55-a1a0-45c3-8de4-5fd707c3292e [2026-08-16T17:45:24.612695] Downloaded build artifacts cache (224B) (STDOUT, STG)#
#2026 08 16 17:46:02.337#Z#DEBUG#2fac7300-999a-11f1-891d-eeee0a87b8c8.incident-management-db-deployer#flowable-async-job-executor-thread-8738#
[PollExecuteTaskStatusExecution] 0902cf55-a1a0-45c3-8de4-5fd707c3292e [2026-08-16T17:45:24.873945] Downloaded app package (2.3M) (STDOUT, STG)#
#2026 08 16 17:46:02.337#Z#DEBUG#2fac7300-999a-11f1-891d-eeee0a87b8c8.incident-management-db-deployer#flowable-async-job-executor-thread-8738#
[PollExecuteTaskStatusExecution] 0902cf55-a1a0-45c3-8de4-5fd707c3292e [2026-08-16T17:45:25.005520] -----> Nodejs Buildpack version 1.9.2 (STDOUT, STG)#
#2026 08 16 17:46:02.337#Z#DEBUG#2fac7300-999a-11f1-891d-eeee0a87b8c8.incident-management-db-deployer#flowable-async-job-executor-thread-8738#
[PollExecuteTaskStatusExecution] 0902cf55-a1a0-45c3-8de4-5fd707c3292e [2026-08-16T17:45:25.257414] -----> Bootstrapping python (STDOUT, STG)#
#2026 08 16 17:46:02.337#Z#DEBUG#2fac7300-999a-11f1-891d-eeee0a87b8c8.incident-management-db-deployer#flowable-async-job-executor-thread-8738#
[PollExecuteTaskStatusExecution] 0902cf55-a1a0-45c3-8de4-5fd707c3292e [2026-08-16T17:45:25.257451] -----> Installing python 3.13.13 (STDOUT, STG)#
#2026 08 16 17:46:02.337#Z#DEBUG#2fac7300-999a-11f1-891d-eeee0a87b8c8.incident-management-db-deployer#flowable-async-job-executor-thread-8738#
[PollExecuteTaskStatusExecution] 0902cf55-a1a0-45c3-8de4-5fd707c3292e [2026-08-16T17:45:25.273210] Copy [/tmp/buildpacks/17bd89c67d092631/dependencies/268a5e3743d51a14b86ea9da64439307/python_3.13.13_linux_x64_cflinuxfs4_8311abbf.tgz] (STDOUT, STG)#
#2026 08 16 17:46:02.337#Z#DEBUG#2fac7300-999a-11f1-891d-eeee0a87b8c8.incident-management-db-deployer#flowable-async-job-executor-thread-8738#
[PollExecuteTaskStatusExecution] 0902cf55-a1a0-45c3-8de4-5fd707c3292e [2026-08-16T17:45:29.821520] -----> Installing binaries (STDOUT, STG)#
#2026 08 16 17:46:02.337#Z#DEBUG#2fac7300-999a-11f1-891d-eeee0a87b8c8.incident-management-db-deployer#flowable-async-job-executor-thread-8738#
[PollExecuteTaskStatusExecution] 0902cf55-a1a0-45c3-8de4-5fd707c3292e [2026-08-16T17:45:29.821708] engines.node (package.json): >=18 (STDOUT, STG)#
#2026 08 16 17:46:02.337#Z#DEBUG#2fac7300-999a-11f1-891d-eeee0a87b8c8.incident-management-db-deployer#flowable-async-job-executor-thread-8738#
[PollExecuteTaskStatusExecution] 0902cf55-a1a0-45c3-8de4-5fd707c3292e [2026-08-16T17:45:29.821764] engines.npm (package.json): unspecified (use default) (STDOUT, STG)#
#2026 08 16 17:46:02.337#Z#DEBUG#2fac7300-999a-11f1-891d-eeee0a87b8c8.incident-management-db-deployer#flowable-async-job-executor-thread-8738#
[PollExecuteTaskStatusExecution] 0902cf55-a1a0-45c3-8de4-5fd707c3292e [2026-08-16T17:45:29.821818] [31;1m**WARNING**[0m Dangerous semver range (>) in engines.node. See: http://docs.cloudfoundry.org/buildpacks/node/node-tips.html (STDOUT, STG)#
#2026 08 16 17:46:02.337#Z#DEBUG#2fac7300-999a-11f1-891d-eeee0a87b8c8.incident-management-db-deployer#flowable-async-job-executor-thread-8738#
[PollExecuteTaskStatusExecution] 0902cf55-a1a0-45c3-8de4-5fd707c3292e [2026-08-16T17:45:29.821930] -----> Installing node 24.15.0 (STDOUT, STG)#
#2026 08 16 17:46:02.337#Z#DEBUG#2fac7300-999a-11f1-891d-eeee0a87b8c8.incident-management-db-deployer#flowable-async-job-executor-thread-8738#
[PollExecuteTaskStatusExecution] 0902cf55-a1a0-45c3-8de4-5fd707c3292e [2026-08-16T17:45:29.822344] Copy [/tmp/buildpacks/17bd89c67d092631/dependencies/6441e97e6386f47ec4c16cfdf8db0a17/node_24.15.0_linux_x64_cflinuxfs4_1a62d98b.tgz] (STDOUT, STG)#
#2026 08 16 17:46:02.337#Z#DEBUG#2fac7300-999a-11f1-891d-eeee0a87b8c8.incident-management-db-deployer#flowable-async-job-executor-thread-8738#
[PollExecuteTaskStatusExecution] 0902cf55-a1a0-45c3-8de4-5fd707c3292e [2026-08-16T17:45:32.609540] Using default npm version: 11.12.1 (STDOUT, STG)#
#2026 08 16 17:46:02.337#Z#DEBUG#2fac7300-999a-11f1-891d-eeee0a87b8c8.incident-management-db-deployer#flowable-async-job-executor-thread-8738#
[PollExecuteTaskStatusExecution] 0902cf55-a1a0-45c3-8de4-5fd707c3292e [2026-08-16T17:45:32.609586] -----> Installing yarn 1.22.22 (STDOUT, STG)#
#2026 08 16 17:46:02.337#Z#DEBUG#2fac7300-999a-11f1-891d-eeee0a87b8c8.incident-management-db-deployer#flowable-async-job-executor-thread-8738#
[PollExecuteTaskStatusExecution] 0902cf55-a1a0-45c3-8de4-5fd707c3292e [2026-08-16T17:45:32.609906] Copy [/tmp/buildpacks/17bd89c67d092631/dependencies/e4fe26756e9984a665478d350474fa2e/yarn_1.22.22_linux_noarch_any-stack_b6132b86.tgz] (STDOUT, STG)#
#2026 08 16 17:46:02.337#Z#DEBUG#2fac7300-999a-11f1-891d-eeee0a87b8c8.incident-management-db-deployer#flowable-async-job-executor-thread-8738#
[PollExecuteTaskStatusExecution] 0902cf55-a1a0-45c3-8de4-5fd707c3292e [2026-08-16T17:45:33.043674] Installed yarn 1.22.22 (STDOUT, STG)#
#2026 08 16 17:46:02.337#Z#DEBUG#2fac7300-999a-11f1-891d-eeee0a87b8c8.incident-management-db-deployer#flowable-async-job-executor-thread-8738#
[PollExecuteTaskStatusExecution] 0902cf55-a1a0-45c3-8de4-5fd707c3292e [2026-08-16T17:45:33.043714] -----> Creating runtime environment (STDOUT, STG)#
#2026 08 16 17:46:02.337#Z#DEBUG#2fac7300-999a-11f1-891d-eeee0a87b8c8.incident-management-db-deployer#flowable-async-job-executor-thread-8738#
[PollExecuteTaskStatusExecution] 0902cf55-a1a0-45c3-8de4-5fd707c3292e [2026-08-16T17:45:33.047308] NODE_ENV=production (STDOUT, STG)#
#2026 08 16 17:46:02.337#Z#DEBUG#2fac7300-999a-11f1-891d-eeee0a87b8c8.incident-management-db-deployer#flowable-async-job-executor-thread-8738#
[PollExecuteTaskStatusExecution] 0902cf55-a1a0-45c3-8de4-5fd707c3292e [2026-08-16T17:45:33.047487] NODE_HOME=/tmp/contents2339584948/deps/0/node (STDOUT, STG)#
#2026 08 16 17:46:02.337#Z#DEBUG#2fac7300-999a-11f1-891d-eeee0a87b8c8.incident-management-db-deployer#flowable-async-job-executor-thread-8738#
[PollExecuteTaskStatusExecution] 0902cf55-a1a0-45c3-8de4-5fd707c3292e [2026-08-16T17:45:33.047534] NODE_MODULES_CACHE=true (STDOUT, STG)#
#2026 08 16 17:46:02.337#Z#DEBUG#2fac7300-999a-11f1-891d-eeee0a87b8c8.incident-management-db-deployer#flowable-async-job-executor-thread-8738#
[PollExecuteTaskStatusExecution] 0902cf55-a1a0-45c3-8de4-5fd707c3292e [2026-08-16T17:45:33.048145] NODE_VERBOSE=false (STDOUT, STG)#
#2026 08 16 17:46:02.337#Z#DEBUG#2fac7300-999a-11f1-891d-eeee0a87b8c8.incident-management-db-deployer#flowable-async-job-executor-thread-8738#
[PollExecuteTaskStatusExecution] 0902cf55-a1a0-45c3-8de4-5fd707c3292e [2026-08-16T17:45:33.048193] NPM_CONFIG_LOGLEVEL=error (STDOUT, STG)#
#2026 08 16 17:46:02.337#Z#DEBUG#2fac7300-999a-11f1-891d-eeee0a87b8c8.incident-management-db-deployer#flowable-async-job-executor-thread-8738#
[PollExecuteTaskStatusExecution] 0902cf55-a1a0-45c3-8de4-5fd707c3292e [2026-08-16T17:45:33.048249] NPM_CONFIG_PRODUCTION=true (STDOUT, STG)#
#2026 08 16 17:46:02.337#Z#DEBUG#2fac7300-999a-11f1-891d-eeee0a87b8c8.incident-management-db-deployer#flowable-async-job-executor-thread-8738#
[PollExecuteTaskStatusExecution] 0902cf55-a1a0-45c3-8de4-5fd707c3292e [2026-08-16T17:45:33.048397] -----> Building dependencies (STDOUT, STG)#
#2026 08 16 17:46:02.337#Z#DEBUG#2fac7300-999a-11f1-891d-eeee0a87b8c8.incident-management-db-deployer#flowable-async-job-executor-thread-8738#
[PollExecuteTaskStatusExecution] 0902cf55-a1a0-45c3-8de4-5fd707c3292e [2026-08-16T17:45:33.048462] Prebuild detected (node_modules already exists) (STDOUT, STG)#
#2026 08 16 17:46:02.337#Z#DEBUG#2fac7300-999a-11f1-891d-eeee0a87b8c8.incident-management-db-deployer#flowable-async-job-executor-thread-8738#
[PollExecuteTaskStatusExecution] 0902cf55-a1a0-45c3-8de4-5fd707c3292e [2026-08-16T17:45:33.048672] Rebuilding any native modules (STDOUT, STG)#
#2026 08 16 17:46:02.337#Z#DEBUG#2fac7300-999a-11f1-891d-eeee0a87b8c8.incident-management-db-deployer#flowable-async-job-executor-thread-8738#
[PollExecuteTaskStatusExecution] 0902cf55-a1a0-45c3-8de4-5fd707c3292e [2026-08-16T17:45:33.707166] rebuilt dependencies successfully (STDOUT, STG)#
#2026 08 16 17:46:02.337#Z#DEBUG#2fac7300-999a-11f1-891d-eeee0a87b8c8.incident-management-db-deployer#flowable-async-job-executor-thread-8738#
[PollExecuteTaskStatusExecution] 0902cf55-a1a0-45c3-8de4-5fd707c3292e [2026-08-16T17:45:33.778318] Installing any new modules (package.json + package-lock.json) (STDOUT, STG)#
#2026 08 16 17:46:02.337#Z#DEBUG#2fac7300-999a-11f1-891d-eeee0a87b8c8.incident-management-db-deployer#flowable-async-job-executor-thread-8738#
[PollExecuteTaskStatusExecution] 0902cf55-a1a0-45c3-8de4-5fd707c3292e [2026-08-16T17:45:34.272664] up to date in 403ms (STDOUT, STG)#
#2026 08 16 17:46:02.337#Z#DEBUG#2fac7300-999a-11f1-891d-eeee0a87b8c8.incident-management-db-deployer#flowable-async-job-executor-thread-8738#
[PollExecuteTaskStatusExecution] 0902cf55-a1a0-45c3-8de4-5fd707c3292e [2026-08-16T17:45:34.273207] 4 packages are looking for funding (STDOUT, STG)#
#2026 08 16 17:46:02.337#Z#DEBUG#2fac7300-999a-11f1-891d-eeee0a87b8c8.incident-management-db-deployer#flowable-async-job-executor-thread-8738#
[PollExecuteTaskStatusExecution] 0902cf55-a1a0-45c3-8de4-5fd707c3292e [2026-08-16T17:45:34.273349] run `npm fund` for details (STDOUT, STG)#
#2026 08 16 17:46:02.337#Z#DEBUG#2fac7300-999a-11f1-891d-eeee0a87b8c8.incident-management-db-deployer#flowable-async-job-executor-thread-8738#
[PollExecuteTaskStatusExecution] 0902cf55-a1a0-45c3-8de4-5fd707c3292e [2026-08-16T17:45:35.282914] Contrast Security no credentials found. Will not write environment files. (STDOUT, STG)#
#2026 08 16 17:46:02.337#Z#DEBUG#2fac7300-999a-11f1-891d-eeee0a87b8c8.incident-management-db-deployer#flowable-async-job-executor-thread-8738#
[PollExecuteTaskStatusExecution] 0902cf55-a1a0-45c3-8de4-5fd707c3292e [2026-08-16T17:45:44.700855] Exit status 0 (STDOUT, STG)#
#2026 08 16 17:46:02.337#Z#DEBUG#2fac7300-999a-11f1-891d-eeee0a87b8c8.incident-management-db-deployer#flowable-async-job-executor-thread-8738#
[PollExecuteTaskStatusExecution] 0902cf55-a1a0-45c3-8de4-5fd707c3292e [2026-08-16T17:45:44.700923] Uploading droplet, build artifacts cache... (STDOUT, STG)#
#2026 08 16 17:46:02.337#Z#DEBUG#2fac7300-999a-11f1-891d-eeee0a87b8c8.incident-management-db-deployer#flowable-async-job-executor-thread-8738#
[PollExecuteTaskStatusExecution] 0902cf55-a1a0-45c3-8de4-5fd707c3292e [2026-08-16T17:45:44.700966] Uploading droplet... (STDOUT, STG)#
#2026 08 16 17:46:02.337#Z#DEBUG#2fac7300-999a-11f1-891d-eeee0a87b8c8.incident-management-db-deployer#flowable-async-job-executor-thread-8738#
[PollExecuteTaskStatusExecution] 0902cf55-a1a0-45c3-8de4-5fd707c3292e [2026-08-16T17:45:44.701013] Uploading build artifacts cache... (STDOUT, STG)#
#2026 08 16 17:46:02.337#Z#DEBUG#2fac7300-999a-11f1-891d-eeee0a87b8c8.incident-management-db-deployer#flowable-async-job-executor-thread-8738#
[PollExecuteTaskStatusExecution] 0902cf55-a1a0-45c3-8de4-5fd707c3292e [2026-08-16T17:45:44.731246] Uploaded build artifacts cache (223B) (STDOUT, STG)#
#2026 08 16 17:46:02.337#Z#DEBUG#2fac7300-999a-11f1-891d-eeee0a87b8c8.incident-management-db-deployer#flowable-async-job-executor-thread-8738#
[PollExecuteTaskStatusExecution] 0902cf55-a1a0-45c3-8de4-5fd707c3292e [2026-08-16T17:45:45.469714] Creating droplet for app with guid 0902cf55-a1a0-45c3-8de4-5fd707c3292e (STDOUT, API)#
#2026 08 16 17:46:02.337#Z#DEBUG#2fac7300-999a-11f1-891d-eeee0a87b8c8.incident-management-db-deployer#flowable-async-job-executor-thread-8738#
[PollExecuteTaskStatusExecution] 0902cf55-a1a0-45c3-8de4-5fd707c3292e [2026-08-16T17:45:47.538246] Uploaded droplet (58.6M) (STDOUT, STG)#
#2026 08 16 17:46:02.337#Z#DEBUG#2fac7300-999a-11f1-891d-eeee0a87b8c8.incident-management-db-deployer#flowable-async-job-executor-thread-8738#
[PollExecuteTaskStatusExecution] 0902cf55-a1a0-45c3-8de4-5fd707c3292e [2026-08-16T17:45:47.567178] Uploading complete (STDOUT, STG)#
#2026 08 16 17:46:02.337#Z#DEBUG#2fac7300-999a-11f1-891d-eeee0a87b8c8.incident-management-db-deployer#flowable-async-job-executor-thread-8738#
[PollExecuteTaskStatusExecution] 0902cf55-a1a0-45c3-8de4-5fd707c3292e [2026-08-16T17:45:48.186092] Cell c839c7b1-088e-41af-b9b7-66256aacd457 stopping instance 115dd3d7-94c3-4411-9dca-34845a4a4bd3 (STDOUT, STG)#
#2026 08 16 17:46:02.337#Z#DEBUG#2fac7300-999a-11f1-891d-eeee0a87b8c8.incident-management-db-deployer#flowable-async-job-executor-thread-8738#
[PollExecuteTaskStatusExecution] 0902cf55-a1a0-45c3-8de4-5fd707c3292e [2026-08-16T17:45:48.186147] Cell c839c7b1-088e-41af-b9b7-66256aacd457 destroying container for instance 115dd3d7-94c3-4411-9dca-34845a4a4bd3 (STDOUT, STG)#
#2026 08 16 17:46:02.337#Z#DEBUG#2fac7300-999a-11f1-891d-eeee0a87b8c8.incident-management-db-deployer#flowable-async-job-executor-thread-8738#
[PollExecuteTaskStatusExecution] 0902cf55-a1a0-45c3-8de4-5fd707c3292e [2026-08-16T17:45:48.230996] Staging complete for build 115dd3d7-94c3-4411-9dca-34845a4a4bd3 (STDOUT, API)#
#2026 08 16 17:46:02.337#Z#DEBUG#2fac7300-999a-11f1-891d-eeee0a87b8c8.incident-management-db-deployer#flowable-async-job-executor-thread-8738#
[PollExecuteTaskStatusExecution] 0902cf55-a1a0-45c3-8de4-5fd707c3292e [2026-08-16T17:45:51.376887] Cell c839c7b1-088e-41af-b9b7-66256aacd457 successfully destroyed container for instance 115dd3d7-94c3-4411-9dca-34845a4a4bd3 (STDOUT, STG)#
#2026 08 16 17:46:02.337#Z#DEBUG#2fac7300-999a-11f1-891d-eeee0a87b8c8.incident-management-db-deployer#flowable-async-job-executor-thread-8738#
[PollExecuteTaskStatusExecution] 0902cf55-a1a0-45c3-8de4-5fd707c3292e [2026-08-16T17:45:52.328854] Updated app with guid 0902cf55-a1a0-45c3-8de4-5fd707c3292e ({:droplet_guid=>"def9977f-5ea5-44aa-b874-6d530bbfcfff"}) (STDOUT, API)#
#2026 08 16 17:46:02.337#Z#DEBUG#2fac7300-999a-11f1-891d-eeee0a87b8c8.incident-management-db-deployer#flowable-async-job-executor-thread-8738#
[PollExecuteTaskStatusExecution] 0902cf55-a1a0-45c3-8de4-5fd707c3292e [2026-08-16T17:45:52.888967] Cell c839c7b1-088e-41af-b9b7-66256aacd457 creating container for instance 33e117ee-05e4-41be-a40f-f27fdbb38b46 (STDOUT, CELL)#
#2026 08 16 17:46:02.337#Z#DEBUG#2fac7300-999a-11f1-891d-eeee0a87b8c8.incident-management-db-deployer#flowable-async-job-executor-thread-8738#
[PollExecuteTaskStatusExecution] 0902cf55-a1a0-45c3-8de4-5fd707c3292e [2026-08-16T17:45:53.796426] Security group rules were updated (STDOUT, CELL)#
#2026 08 16 17:46:02.337#Z#DEBUG#2fac7300-999a-11f1-891d-eeee0a87b8c8.incident-management-db-deployer#flowable-async-job-executor-thread-8738#
[PollExecuteTaskStatusExecution] 0902cf55-a1a0-45c3-8de4-5fd707c3292e [2026-08-16T17:45:53.898016] Cell c839c7b1-088e-41af-b9b7-66256aacd457 successfully created container for instance 33e117ee-05e4-41be-a40f-f27fdbb38b46 (STDOUT, CELL)#
#2026 08 16 17:46:02.337#Z#DEBUG#2fac7300-999a-11f1-891d-eeee0a87b8c8.incident-management-db-deployer#flowable-async-job-executor-thread-8738#
[PollExecuteTaskStatusExecution] 0902cf55-a1a0-45c3-8de4-5fd707c3292e [2026-08-16T17:45:58.641114] Invoking pre-start scripts. (STDOUT, APP/TASK/deploy)#
#2026 08 16 17:46:02.337#Z#DEBUG#2fac7300-999a-11f1-891d-eeee0a87b8c8.incident-management-db-deployer#flowable-async-job-executor-thread-8738#
[PollExecuteTaskStatusExecution] 0902cf55-a1a0-45c3-8de4-5fd707c3292e [2026-08-16T17:45:58.853826] Invoking start command. (STDOUT, APP/TASK/deploy)#
#2026 08 16 17:46:02.337#Z#DEBUG#2fac7300-999a-11f1-891d-eeee0a87b8c8.incident-management-db-deployer#flowable-async-job-executor-thread-8738#
[PollExecuteTaskStatusExecution] 0902cf55-a1a0-45c3-8de4-5fd707c3292e [2026-08-16T17:45:59.400846] > start (STDOUT, APP/TASK/deploy)#
#2026 08 16 17:46:02.337#Z#DEBUG#2fac7300-999a-11f1-891d-eeee0a87b8c8.incident-management-db-deployer#flowable-async-job-executor-thread-8738#
[PollExecuteTaskStatusExecution] 0902cf55-a1a0-45c3-8de4-5fd707c3292e [2026-08-16T17:45:59.400889] > node node_modules/@sap/hdi-deploy/deploy.js --use-hdb --parameter com.sap.hana.di.table/try_fast_table_migration=true (STDOUT, APP/TASK/deploy)#
#2026 08 16 17:46:02.337#Z#DEBUG#2fac7300-999a-11f1-891d-eeee0a87b8c8.incident-management-db-deployer#flowable-async-job-executor-thread-8738#
[PollExecuteTaskStatusExecution] 0902cf55-a1a0-45c3-8de4-5fd707c3292e [2026-08-16T17:45:59.582653] VCAP_SERVICES: (STDOUT, APP/TASK/deploy)#
#2026 08 16 17:46:02.337#Z#DEBUG#2fac7300-999a-11f1-891d-eeee0a87b8c8.incident-management-db-deployer#flowable-async-job-executor-thread-8738#
[PollExecuteTaskStatusExecution] 0902cf55-a1a0-45c3-8de4-5fd707c3292e [2026-08-16T17:45:59.583383] { (STDOUT, APP/TASK/deploy)#
#2026 08 16 17:46:02.337#Z#DEBUG#2fac7300-999a-11f1-891d-eeee0a87b8c8.incident-management-db-deployer#flowable-async-job-executor-thread-8738#
[PollExecuteTaskStatusExecution] 0902cf55-a1a0-45c3-8de4-5fd707c3292e [2026-08-16T17:45:59.583404] "hana": [ (STDOUT, APP/TASK/deploy)#
#2026 08 16 17:46:02.337#Z#DEBUG#2fac7300-999a-11f1-891d-eeee0a87b8c8.incident-management-db-deployer#flowable-async-job-executor-thread-8738#
[PollExecuteTaskStatusExecution] 0902cf55-a1a0-45c3-8de4-5fd707c3292e [2026-08-16T17:45:59.583407] { (STDOUT, APP/TASK/deploy)#
#2026 08 16 17:46:02.337#Z#DEBUG#2fac7300-999a-11f1-891d-eeee0a87b8c8.incident-management-db-deployer#flowable-async-job-executor-thread-8738#
[PollExecuteTaskStatusExecution] 0902cf55-a1a0-45c3-8de4-5fd707c3292e [2026-08-16T17:45:59.583411] "name": "incident-management-db", (STDOUT, APP/TASK/deploy)#
#2026 08 16 17:46:02.337#Z#DEBUG#2fac7300-999a-11f1-891d-eeee0a87b8c8.incident-management-db-deployer#flowable-async-job-executor-thread-8738#
[PollExecuteTaskStatusExecution] 0902cf55-a1a0-45c3-8de4-5fd707c3292e [2026-08-16T17:45:59.583414] "label": "hana", (STDOUT, APP/TASK/deploy)#
#2026 08 16 17:46:02.337#Z#DEBUG#2fac7300-999a-11f1-891d-eeee0a87b8c8.incident-management-db-deployer#flowable-async-job-executor-thread-8738#
[PollExecuteTaskStatusExecution] 0902cf55-a1a0-45c3-8de4-5fd707c3292e [2026-08-16T17:45:59.583422] "plan": "hdi-shared", (STDOUT, APP/TASK/deploy)#
#2026 08 16 17:46:02.337#Z#DEBUG#2fac7300-999a-11f1-891d-eeee0a87b8c8.incident-management-db-deployer#flowable-async-job-executor-thread-8738#
[PollExecuteTaskStatusExecution] 0902cf55-a1a0-45c3-8de4-5fd707c3292e [2026-08-16T17:45:59.583424] "credentials": { (STDOUT, APP/TASK/deploy)#
#2026 08 16 17:46:02.337#Z#DEBUG#2fac7300-999a-11f1-891d-eeee0a87b8c8.incident-management-db-deployer#flowable-async-job-executor-thread-8738#
[PollExecuteTaskStatusExecution] 0902cf55-a1a0-45c3-8de4-5fd707c3292e [2026-08-16T17:45:59.583430] "schema": "E05890E9B3E34E29A613CA52F2276423", (STDOUT, APP/TASK/deploy)#
#2026 08 16 17:46:02.337#Z#DEBUG#2fac7300-999a-11f1-891d-eeee0a87b8c8.incident-management-db-deployer#flowable-async-job-executor-thread-8738#
[PollExecuteTaskStatusExecution] 0902cf55-a1a0-45c3-8de4-5fd707c3292e [2026-08-16T17:45:59.583432] "database_id": "3a4018c7-27a2-4a7a-932d-5ca0e50b2b21", (STDOUT, APP/TASK/deploy)#
#2026 08 16 17:46:02.337#Z#DEBUG#2fac7300-999a-11f1-891d-eeee0a87b8c8.incident-management-db-deployer#flowable-async-job-executor-thread-8738#
[PollExecuteTaskStatusExecution] 0902cf55-a1a0-45c3-8de4-5fd707c3292e [2026-08-16T17:45:59.583439] "user": "E05890E9B3E34E29A613CA52F2276423_1QYB1XJCXUYNIZWNTVLS03WNF_RT", (STDOUT, APP/TASK/deploy)#
#2026 08 16 17:46:02.337#Z#DEBUG#2fac7300-999a-11f1-891d-eeee0a87b8c8.incident-management-db-deployer#flowable-async-job-executor-thread-8738#
[PollExecuteTaskStatusExecution] 0902cf55-a1a0-45c3-8de4-5fd707c3292e [2026-08-16T17:45:59.583444] "hdi_user": "E05890E9B3E34E29A613CA52F2276423_1QYB1XJCXUYNIZWNTVLS03WNF_DT" (STDOUT, APP/TASK/deploy)#
#2026 08 16 17:46:02.337#Z#DEBUG#2fac7300-999a-11f1-891d-eeee0a87b8c8.incident-management-db-deployer#flowable-async-job-executor-thread-8738#
[PollExecuteTaskStatusExecution] 0902cf55-a1a0-45c3-8de4-5fd707c3292e [2026-08-16T17:45:59.583447] }, (STDOUT, APP/TASK/deploy)#
#2026 08 16 17:46:02.337#Z#DEBUG#2fac7300-999a-11f1-891d-eeee0a87b8c8.incident-management-db-deployer#flowable-async-job-executor-thread-8738#
[PollExecuteTaskStatusExecution] 0902cf55-a1a0-45c3-8de4-5fd707c3292e [2026-08-16T17:45:59.583449] "tags": [ (STDOUT, APP/TASK/deploy)#
#2026 08 16 17:46:02.337#Z#DEBUG#2fac7300-999a-11f1-891d-eeee0a87b8c8.incident-management-db-deployer#flowable-async-job-executor-thread-8738#
[PollExecuteTaskStatusExecution] 0902cf55-a1a0-45c3-8de4-5fd707c3292e [2026-08-16T17:45:59.583452] "hana", (STDOUT, APP/TASK/deploy)#
#2026 08 16 17:46:02.337#Z#DEBUG#2fac7300-999a-11f1-891d-eeee0a87b8c8.incident-management-db-deployer#flowable-async-job-executor-thread-8738#
[PollExecuteTaskStatusExecution] 0902cf55-a1a0-45c3-8de4-5fd707c3292e [2026-08-16T17:45:59.583454] "database", (STDOUT, APP/TASK/deploy)#
#2026 08 16 17:46:02.337#Z#DEBUG#2fac7300-999a-11f1-891d-eeee0a87b8c8.incident-management-db-deployer#flowable-async-job-executor-thread-8738#
[PollExecuteTaskStatusExecution] 0902cf55-a1a0-45c3-8de4-5fd707c3292e [2026-08-16T17:45:59.583456] "relational" (STDOUT, APP/TASK/deploy)#
#2026 08 16 17:46:02.337#Z#DEBUG#2fac7300-999a-11f1-891d-eeee0a87b8c8.incident-management-db-deployer#flowable-async-job-executor-thread-8738#
[PollExecuteTaskStatusExecution] 0902cf55-a1a0-45c3-8de4-5fd707c3292e [2026-08-16T17:45:59.583459] ] (STDOUT, APP/TASK/deploy)#
#2026 08 16 17:46:02.337#Z#DEBUG#2fac7300-999a-11f1-891d-eeee0a87b8c8.incident-management-db-deployer#flowable-async-job-executor-thread-8738#
[PollExecuteTaskStatusExecution] 0902cf55-a1a0-45c3-8de4-5fd707c3292e [2026-08-16T17:45:59.583462] } (STDOUT, APP/TASK/deploy)#
#2026 08 16 17:46:02.337#Z#DEBUG#2fac7300-999a-11f1-891d-eeee0a87b8c8.incident-management-db-deployer#flowable-async-job-executor-thread-8738#
[PollExecuteTaskStatusExecution] 0902cf55-a1a0-45c3-8de4-5fd707c3292e [2026-08-16T17:45:59.583464] ] (STDOUT, APP/TASK/deploy)#
#2026 08 16 17:46:02.337#Z#DEBUG#2fac7300-999a-11f1-891d-eeee0a87b8c8.incident-management-db-deployer#flowable-async-job-executor-thread-8738#
[PollExecuteTaskStatusExecution] 0902cf55-a1a0-45c3-8de4-5fd707c3292e [2026-08-16T17:45:59.583472] } (STDOUT, APP/TASK/deploy)#
#2026 08 16 17:46:12.367#Z#DEBUG#2fac7300-999a-11f1-891d-eeee0a87b8c8.incident-management-db-deployer#flowable-async-job-executor-thread-20626#
[PollExecuteTaskStatusExecution] 0902cf55-a1a0-45c3-8de4-5fd707c3292e [2026-08-16T17:46:03.906991] @sap/hdi-deploy, version 5.7.0 (mode default), server version unknown (0.0.0.0), cloud version , node version 24.15.0, HDI version -1, container API version -1 (STDOUT, APP/TASK/deploy)#
#2026 08 16 17:46:12.367#Z#DEBUG#2fac7300-999a-11f1-891d-eeee0a87b8c8.incident-management-db-deployer#flowable-async-job-executor-thread-20626#
[PollExecuteTaskStatusExecution] 0902cf55-a1a0-45c3-8de4-5fd707c3292e [2026-08-16T17:46:03.907038] Deployment started at 2026-08-16 17:46:03 (STDOUT, APP/TASK/deploy)#
#2026 08 16 17:46:12.367#Z#DEBUG#2fac7300-999a-11f1-891d-eeee0a87b8c8.incident-management-db-deployer#flowable-async-job-executor-thread-20626#
[PollExecuteTaskStatusExecution] 0902cf55-a1a0-45c3-8de4-5fd707c3292e [2026-08-16T17:46:03.912850] Using hdb@2.29.6 for connection (STDOUT, APP/TASK/deploy)#
#2026 08 16 17:46:12.367#Z#DEBUG#2fac7300-999a-11f1-891d-eeee0a87b8c8.incident-management-db-deployer#flowable-async-job-executor-thread-20626#
[PollExecuteTaskStatusExecution] 0902cf55-a1a0-45c3-8de4-5fd707c3292e [2026-08-16T17:46:03.912908] Detection of server version failed; root cause: HANA Database instance is stopped (STDOUT, APP/TASK/deploy)#
#2026 08 16 17:46:12.367#Z#DEBUG#2fac7300-999a-11f1-891d-eeee0a87b8c8.incident-management-db-deployer#flowable-async-job-executor-thread-20626#
[PollExecuteTaskStatusExecution] 0902cf55-a1a0-45c3-8de4-5fd707c3292e [2026-08-16T17:46:03.913228] Detection of cloud version failed; root cause: HANA Database instance is stopped (STDOUT, APP/TASK/deploy)#
#2026 08 16 17:46:12.367#Z#DEBUG#2fac7300-999a-11f1-891d-eeee0a87b8c8.incident-management-db-deployer#flowable-async-job-executor-thread-20626#
[PollExecuteTaskStatusExecution] 0902cf55-a1a0-45c3-8de4-5fd707c3292e [2026-08-16T17:46:03.919398] Detection of container API version failed; root cause: HANA Database instance is stopped (STDOUT, APP/TASK/deploy)#
#2026 08 16 17:46:12.367#Z#DEBUG#2fac7300-999a-11f1-891d-eeee0a87b8c8.incident-management-db-deployer#flowable-async-job-executor-thread-20626#
[PollExecuteTaskStatusExecution] 0902cf55-a1a0-45c3-8de4-5fd707c3292e [2026-08-16T17:46:03.919420] Detection of HDI version failed; root cause: HANA Database instance is stopped (STDOUT, APP/TASK/deploy)#
#2026 08 16 17:46:12.367#Z#DEBUG#2fac7300-999a-11f1-891d-eeee0a87b8c8.incident-management-db-deployer#flowable-async-job-executor-thread-20626#
[PollExecuteTaskStatusExecution] 0902cf55-a1a0-45c3-8de4-5fd707c3292e [2026-08-16T17:46:03.920222] Deployment ended at 2026-08-16 17:46:03 (STDOUT, APP/TASK/deploy)#
#2026 08 16 17:46:12.367#Z#DEBUG#2fac7300-999a-11f1-891d-eeee0a87b8c8.incident-management-db-deployer#flowable-async-job-executor-thread-20626#
[PollExecuteTaskStatusExecution] 0902cf55-a1a0-45c3-8de4-5fd707c3292e [2026-08-16T17:46:03.920438] Error: Option parameter is not supported by the server; based on detected server version unknown (STDERR, APP/TASK/deploy)#
#2026 08 16 17:46:12.367#Z#DEBUG#2fac7300-999a-11f1-891d-eeee0a87b8c8.incident-management-db-deployer#flowable-async-job-executor-thread-20626#
[PollExecuteTaskStatusExecution] 0902cf55-a1a0-45c3-8de4-5fd707c3292e [2026-08-16T17:46:03.920784] (4s 467ms) (STDOUT, APP/TASK/deploy)#
#2026 08 16 17:46:12.367#Z#DEBUG#2fac7300-999a-11f1-891d-eeee0a87b8c8.incident-management-db-deployer#flowable-async-job-executor-thread-20626#
[PollExecuteTaskStatusExecution] 0902cf55-a1a0-45c3-8de4-5fd707c3292e [2026-08-16T17:46:03.945226] npm notice (STDERR, APP/TASK/deploy)#
#2026 08 16 17:46:12.367#Z#DEBUG#2fac7300-999a-11f1-891d-eeee0a87b8c8.incident-management-db-deployer#flowable-async-job-executor-thread-20626#
[PollExecuteTaskStatusExecution] 0902cf55-a1a0-45c3-8de4-5fd707c3292e [2026-08-16T17:46:03.945253] npm notice New major version of npm available! 11.12.1 -> 12.0.2 (STDERR, APP/TASK/deploy)#
#2026 08 16 17:46:12.367#Z#DEBUG#2fac7300-999a-11f1-891d-eeee0a87b8c8.incident-management-db-deployer#flowable-async-job-executor-thread-20626#
[PollExecuteTaskStatusExecution] 0902cf55-a1a0-45c3-8de4-5fd707c3292e [2026-08-16T17:46:03.945258] npm notice Changelog: https://github.com/npm/cli/releases/tag/v12.0.2 (STDERR, APP/TASK/deploy)#
#2026 08 16 17:46:12.367#Z#DEBUG#2fac7300-999a-11f1-891d-eeee0a87b8c8.incident-management-db-deployer#flowable-async-job-executor-thread-20626#
[PollExecuteTaskStatusExecution] 0902cf55-a1a0-45c3-8de4-5fd707c3292e [2026-08-16T17:46:03.945264] npm notice To update run: npm install -g npm@12.0.2 (STDERR, APP/TASK/deploy)#
#2026 08 16 17:46:12.367#Z#DEBUG#2fac7300-999a-11f1-891d-eeee0a87b8c8.incident-management-db-deployer#flowable-async-job-executor-thread-20626#
[PollExecuteTaskStatusExecution] 0902cf55-a1a0-45c3-8de4-5fd707c3292e [2026-08-16T17:46:03.945267] npm notice (STDERR, APP/TASK/deploy)#
#2026 08 16 17:46:12.367#Z#DEBUG#2fac7300-999a-11f1-891d-eeee0a87b8c8.incident-management-db-deployer#flowable-async-job-executor-thread-20626#
[PollExecuteTaskStatusExecution] 0902cf55-a1a0-45c3-8de4-5fd707c3292e [2026-08-16T17:46:04.067525] Exit status 1 (STDOUT, APP/TASK/deploy)#
#2026 08 16 17:46:12.367#Z#DEBUG#2fac7300-999a-11f1-891d-eeee0a87b8c8.incident-management-db-deployer#flowable-async-job-executor-thread-20626#
[PollExecuteTaskStatusExecution] 0902cf55-a1a0-45c3-8de4-5fd707c3292e [2026-08-16T17:46:05.048787] Cell c839c7b1-088e-41af-b9b7-66256aacd457 stopping instance 33e117ee-05e4-41be-a40f-f27fdbb38b46 (STDOUT, CELL)#
#2026 08 16 17:46:12.367#Z#DEBUG#2fac7300-999a-11f1-891d-eeee0a87b8c8.incident-management-db-deployer#flowable-async-job-executor-thread-20626#
[PollExecuteTaskStatusExecution] 0902cf55-a1a0-45c3-8de4-5fd707c3292e [2026-08-16T17:46:05.048827] Cell c839c7b1-088e-41af-b9b7-66256aacd457 destroying container for instance 33e117ee-05e4-41be-a40f-f27fdbb38b46 (STDOUT, CELL)#
#2026 08 16 17:46:12.367#Z#DEBUG#2fac7300-999a-11f1-891d-eeee0a87b8c8.incident-management-db-deployer#flowable-async-job-executor-thread-20626#
[PollExecuteTaskStatusExecution] 0902cf55-a1a0-45c3-8de4-5fd707c3292e [2026-08-16T17:46:08.457802] Cell c839c7b1-088e-41af-b9b7-66256aacd457 successfully destroyed container for instance 33e117ee-05e4-41be-a40f-f27fdbb38b46 (STDOUT, CELL)#
